Archive member included to satisfy reference by file (symbol)

d:/program files/stm32cubeide_1.4.0/stm32cubeide/plugins/com.st.stm32cube.ide.mcu.externaltools.gnu-tools-for-stm32.7-2018-q2-update.win32_1.4.0.202007081208/tools/bin/../lib/gcc/arm-none-eabi/7.3.1/../../../../arm-none-eabi/lib/thumb/v7-m\libc_nano.a(lib_a-errno.o)
                              Core/Src/syscalls.o (__errno)
d:/program files/stm32cubeide_1.4.0/stm32cubeide/plugins/com.st.stm32cube.ide.mcu.externaltools.gnu-tools-for-stm32.7-2018-q2-update.win32_1.4.0.202007081208/tools/bin/../lib/gcc/arm-none-eabi/7.3.1/../../../../arm-none-eabi/lib/thumb/v7-m\libc_nano.a(lib_a-exit.o)
                              d:/program files/stm32cubeide_1.4.0/stm32cubeide/plugins/com.st.stm32cube.ide.mcu.externaltools.gnu-tools-for-stm32.7-2018-q2-update.win32_1.4.0.202007081208/tools/bin/../lib/gcc/arm-none-eabi/7.3.1/../../../../arm-none-eabi/lib/thumb/v7-m/crt0.o (exit)
d:/program files/stm32cubeide_1.4.0/stm32cubeide/plugins/com.st.stm32cube.ide.mcu.externaltools.gnu-tools-for-stm32.7-2018-q2-update.win32_1.4.0.202007081208/tools/bin/../lib/gcc/arm-none-eabi/7.3.1/../../../../arm-none-eabi/lib/thumb/v7-m\libc_nano.a(lib_a-impure.o)
                              d:/program files/stm32cubeide_1.4.0/stm32cubeide/plugins/com.st.stm32cube.ide.mcu.externaltools.gnu-tools-for-stm32.7-2018-q2-update.win32_1.4.0.202007081208/tools/bin/../lib/gcc/arm-none-eabi/7.3.1/../../../../arm-none-eabi/lib/thumb/v7-m\libc_nano.a(lib_a-exit.o) (_global_impure_ptr)
d:/program files/stm32cubeide_1.4.0/stm32cubeide/plugins/com.st.stm32cube.ide.mcu.externaltools.gnu-tools-for-stm32.7-2018-q2-update.win32_1.4.0.202007081208/tools/bin/../lib/gcc/arm-none-eabi/7.3.1/../../../../arm-none-eabi/lib/thumb/v7-m\libc_nano.a(lib_a-init.o)
                              d:/program files/stm32cubeide_1.4.0/stm32cubeide/plugins/com.st.stm32cube.ide.mcu.externaltools.gnu-tools-for-stm32.7-2018-q2-update.win32_1.4.0.202007081208/tools/bin/../lib/gcc/arm-none-eabi/7.3.1/../../../../arm-none-eabi/lib/thumb/v7-m/crt0.o (__libc_init_array)
d:/program files/stm32cubeide_1.4.0/stm32cubeide/plugins/com.st.stm32cube.ide.mcu.externaltools.gnu-tools-for-stm32.7-2018-q2-update.win32_1.4.0.202007081208/tools/bin/../lib/gcc/arm-none-eabi/7.3.1/../../../../arm-none-eabi/lib/thumb/v7-m\libc_nano.a(lib_a-memset.o)
                              d:/program files/stm32cubeide_1.4.0/stm32cubeide/plugins/com.st.stm32cube.ide.mcu.externaltools.gnu-tools-for-stm32.7-2018-q2-update.win32_1.4.0.202007081208/tools/bin/../lib/gcc/arm-none-eabi/7.3.1/../../../../arm-none-eabi/lib/thumb/v7-m/crt0.o (memset)
d:/program files/stm32cubeide_1.4.0/stm32cubeide/plugins/com.st.stm32cube.ide.mcu.externaltools.gnu-tools-for-stm32.7-2018-q2-update.win32_1.4.0.202007081208/tools/bin/../lib/gcc/arm-none-eabi/7.3.1/../../../../arm-none-eabi/lib/thumb/v7-m\libc_nano.a(lib_a-sprintf.o)
                              Core/Src/main.o (sprintf)
d:/program files/stm32cubeide_1.4.0/stm32cubeide/plugins/com.st.stm32cube.ide.mcu.externaltools.gnu-tools-for-stm32.7-2018-q2-update.win32_1.4.0.202007081208/tools/bin/../lib/gcc/arm-none-eabi/7.3.1/../../../../arm-none-eabi/lib/thumb/v7-m\libc_nano.a(lib_a-nano-svfprintf.o)
                              d:/program files/stm32cubeide_1.4.0/stm32cubeide/plugins/com.st.stm32cube.ide.mcu.externaltools.gnu-tools-for-stm32.7-2018-q2-update.win32_1.4.0.202007081208/tools/bin/../lib/gcc/arm-none-eabi/7.3.1/../../../../arm-none-eabi/lib/thumb/v7-m\libc_nano.a(lib_a-sprintf.o) (_svfprintf_r)
d:/program files/stm32cubeide_1.4.0/stm32cubeide/plugins/com.st.stm32cube.ide.mcu.externaltools.gnu-tools-for-stm32.7-2018-q2-update.win32_1.4.0.202007081208/tools/bin/../lib/gcc/arm-none-eabi/7.3.1/../../../../arm-none-eabi/lib/thumb/v7-m\libc_nano.a(lib_a-nano-vfprintf_i.o)
                              d:/program files/stm32cubeide_1.4.0/stm32cubeide/plugins/com.st.stm32cube.ide.mcu.externaltools.gnu-tools-for-stm32.7-2018-q2-update.win32_1.4.0.202007081208/tools/bin/../lib/gcc/arm-none-eabi/7.3.1/../../../../arm-none-eabi/lib/thumb/v7-m\libc_nano.a(lib_a-nano-svfprintf.o) (_printf_i)
d:/program files/stm32cubeide_1.4.0/stm32cubeide/plugins/com.st.stm32cube.ide.mcu.externaltools.gnu-tools-for-stm32.7-2018-q2-update.win32_1.4.0.202007081208/tools/bin/../lib/gcc/arm-none-eabi/7.3.1/../../../../arm-none-eabi/lib/thumb/v7-m\libc_nano.a(lib_a-memchr-stub.o)
                              d:/program files/stm32cubeide_1.4.0/stm32cubeide/plugins/com.st.stm32cube.ide.mcu.externaltools.gnu-tools-for-stm32.7-2018-q2-update.win32_1.4.0.202007081208/tools/bin/../lib/gcc/arm-none-eabi/7.3.1/../../../../arm-none-eabi/lib/thumb/v7-m\libc_nano.a(lib_a-nano-svfprintf.o) (memchr)
[...]
Memory Configuration

Name             Origin             Length             Attributes
RAM              0x0000000020000000 0x0000000000010000 xrw
FLASH            0x0000000008000000 0x0000000000080000 xr
*default*        0x0000000000000000 0xffffffffffffffff

Linker script and memory map

LOAD d:/program files/stm32cubeide_1.4.0/stm32cubeide/plugins/com.st.stm32cube.ide.mcu.externaltools.gnu-tools-for-stm32.7-2018-q2-update.win32_1.4.0.202007081208/tools/bin/../lib/gcc/arm-none-eabi/7.3.1/thumb/v7-m/crti.o
LOAD d:/program files/stm32cubeide_1.4.0/stm32cubeide/plugins/com.st.stm32cube.ide.mcu.externaltools.gnu-tools-for-stm32.7-2018-q2-update.win32_1.4.0.202007081208/tools/bin/../lib/gcc/arm-none-eabi/7.3.1/thumb/v7-m/crtbegin.o
LOAD d:/program files/stm32cubeide_1.4.0/stm32cubeide/plugins/com.st.stm32cube.ide.mcu.externaltools.gnu-tools-for-stm32.7-2018-q2-update.win32_1.4.0.202007081208/tools/bin/../lib/gcc/arm-none-eabi/7.3.1/../../../../arm-none-eabi/lib/thumb/v7-m/crt0.o
LOAD Bsp/BEEP/bspbeep.o
LOAD Bsp/DS18B20/bspds18b20.o
LOAD Bsp/DWTDELAY/bspdelay.o
LOAD Bsp/EXTI/bspexti.o
LOAD Bsp/GSM/bspgsm.o
LOAD Bsp/KEY/bspkey.o
LOAD Bsp/LED/bspled.o
LOAD Bsp/MH-Z19B/bspmh_z19b.o
LOAD Bsp/OLED/bspoled.o
LOAD Bsp/SR501/bspsr501.o
LOAD Bsp/SYSTICK/bspsystick.o
LOAD Core/Src/dma.o
LOAD Core/Src/gpio.o
LOAD Core/Src/main.o
LOAD Core/Src/stm32f1xx_hal_msp.o
LOAD Core/Src/stm32f1xx_it.o
LOAD Core/Src/syscalls.o
LOAD Core/Src/sysmem.o
LOAD Core/Src/system_stm32f1xx.o
LOAD Core/Src/tim.o
LOAD Core/Src/usart.o
LOAD Core/Startup/startup_stm32f103zetx.o
LOAD Drivers/STM32F1xx_HAL_Driver/Src/stm32f1xx_hal.o
LOAD Drivers/STM32F1xx_HAL_Driver/Src/stm32f1xx_hal_cortex.o
LOAD Drivers/STM32F1xx_HAL_Driver/Src/stm32f1xx_hal_dma.o
LOAD Drivers/STM32F1xx_HAL_Driver/Src/stm32f1xx_hal_exti.o
LOAD Drivers/STM32F1xx_HAL_Driver/Src/stm32f1xx_hal_flash.o
LOAD Drivers/STM32F1xx_HAL_Driver/Src/stm32f1xx_hal_flash_ex.o
LOAD Drivers/STM32F1xx_HAL_Driver/Src/stm32f1xx_hal_gpio.o
LOAD Drivers/STM32F1xx_HAL_Driver/Src/stm32f1xx_hal_gpio_ex.o
LOAD Drivers/STM32F1xx_HAL_Driver/Src/stm32f1xx_hal_pwr.o
LOAD Drivers/STM32F1xx_HAL_Driver/Src/stm32f1xx_hal_rcc.o
LOAD Drivers/STM32F1xx_HAL_Driver/Src/stm32f1xx_hal_rcc_ex.o
LOAD Drivers/STM32F1xx_HAL_Driver/Src/stm32f1xx_hal_tim.o
LOAD Drivers/STM32F1xx_HAL_Driver/Src/stm32f1xx_hal_tim_ex.o
LOAD Drivers/STM32F1xx_HAL_Driver/Src/stm32f1xx_hal_uart.o
START GROUP
LOAD d:/program files/stm32cubeide_1.4.0/stm32cubeide/plugins/com.st.stm32cube.ide.mcu.externaltools.gnu-tools-for-stm32.7-2018-q2-update.win32_1.4.0.202007081208/tools/bin/../lib/gcc/arm-none-eabi/7.3.1/../../../../arm-none-eabi/lib/thumb/v7-m\libc_nano.a
LOAD d:/program files/stm32cubeide_1.4.0/stm32cubeide/plugins/com.st.stm32cube.ide.mcu.externaltools.gnu-tools-for-stm32.7-2018-q2-update.win32_1.4.0.202007081208/tools/bin/../lib/gcc/arm-none-eabi/7.3.1/../../../../arm-none-eabi/lib/thumb/v7-m\libm.a
END GROUP
START GROUP
LOAD d:/program files/stm32cubeide_1.4.0/stm32cubeide/plugins/com.st.stm32cube.ide.mcu.externaltools.gnu-tools-for-stm32.7-2018-q2-update.win32_1.4.0.202007081208/tools/bin/../lib/gcc/arm-none-eabi/7.3.1/thumb/v7-m\libgcc.a
LOAD d:/program files/stm32cubeide_1.4.0/stm32cubeide/plugins/com.st.stm32cube.ide.mcu.externaltools.gnu-tools-for-stm32.7-2018-q2-update.win32_1.4.0.202007081208/tools/bin/../lib/gcc/arm-none-eabi/7.3.1/../../../../arm-none-eabi/lib/thumb/v7-m\libc_nano.a
END GROUP
START GROUP
LOAD d:/program files/stm32cubeide_1.4.0/stm32cubeide/plugins/com.st.stm32cube.ide.mcu.externaltools.gnu-tools-for-stm32.7-2018-q2-update.win32_1.4.0.202007081208/tools/bin/../lib/gcc/arm-none-eabi/7.3.1/thumb/v7-m\libgcc.a
LOAD d:/program files/stm32cubeide_1.4.0/stm32cubeide/plugins/com.st.stm32cube.ide.mcu.externaltools.gnu-tools-for-stm32.7-2018-q2-update.win32_1.4.0.202007081208/tools/bin/../lib/gcc/arm-none-eabi/7.3.1/../../../../arm-none-eabi/lib/thumb/v7-m\libc_nano.a
LOAD d:/program files/stm32cubeide_1.4.0/stm32cubeide/plugins/com.st.stm32cube.ide.mcu.externaltools.gnu-tools-for-stm32.7-2018-q2-update.win32_1.4.0.202007081208/tools/bin/../lib/gcc/arm-none-eabi/7.3.1/../../../../arm-none-eabi/lib/thumb/v7-m\libnosys.a
END GROUP
START GROUP
LOAD d:/program files/stm32cubeide_1.4.0/stm32cubeide/plugins/com.st.stm32cube.ide.mcu.externaltools.gnu-tools-for-stm32.7-2018-q2-update.win32_1.4.0.202007081208/tools/bin/../lib/gcc/arm-none-eabi/7.3.1/thumb/v7-m\libgcc.a
LOAD d:/program files/stm32cubeide_1.4.0/stm32cubeide/plugins/com.st.stm32cube.ide.mcu.externaltools.gnu-tools-for-stm32.7-2018-q2-update.win32_1.4.0.202007081208/tools/bin/../lib/gcc/arm-none-eabi/7.3.1/../../../../arm-none-eabi/lib/thumb/v7-m\libc_nano.a
LOAD d:/program files/stm32cubeide_1.4.0/stm32cubeide/plugins/com.st.stm32cube.ide.mcu.externaltools.gnu-tools-for-stm32.7-2018-q2-update.win32_1.4.0.202007081208/tools/bin/../lib/gcc/arm-none-eabi/7.3.1/../../../../arm-none-eabi/lib/thumb/v7-m\libnosys.a
END GROUP
LOAD d:/program files/stm32cubeide_1.4.0/stm32cubeide/plugins/com.st.stm32cube.ide.mcu.externaltools.gnu-tools-for-stm32.7-2018-q2-update.win32_1.4.0.202007081208/tools/bin/../lib/gcc/arm-none-eabi/7.3.1/thumb/v7-m/crtend.o
LOAD d:/program files/stm32cubeide_1.4.0/stm32cubeide/plugins/com.st.stm32cube.ide.mcu.externaltools.gnu-tools-for-stm32.7-2018-q2-update.win32_1.4.0.202007081208/tools/bin/../lib/gcc/arm-none-eabi/7.3.1/thumb/v7-m/crtn.o
                0x0000000020010000                _estack = (ORIGIN (RAM) + LENGTH (RAM))
                0x0000000000000200                _Min_Heap_Size = 0x200
                0x0000000000000400                _Min_Stack_Size = 0x400

.isr_vector     0x0000000008000000      0x1e4
                0x0000000008000000                . = ALIGN (0x4)
 *(.isr_vector)
 .isr_vector    0x0000000008000000      0x1e4 Core/Startup/startup_stm32f103zetx.o
                0x0000000008000000                g_pfnVectors
                0x00000000080001e4                . = ALIGN (0x4)

.text           0x00000000080001e4     0x434c
                0x00000000080001e4                . = ALIGN (0x4)
 *(.text)
 .text          0x00000000080001e4       0x40 d:/program files/stm32cubeide_1.4.0/stm32cubeide/plugins/com.st.stm32cube.ide.mcu.externaltools.gnu-tools-for-stm32.7-2018-q2-update.win32_1.4.0.202007081208/tools/bin/../lib/gcc/arm-none-eabi/7.3.1/thumb/v7-m/crtbegin.o
 .text          0x0000000008000224       0xec d:/program files/stm32cubeide_1.4.0/stm32cubeide/plugins/com.st.stm32cube.ide.mcu.externaltools.gnu-tools-for-stm32.7-2018-q2-update.win32_1.4.0.202007081208/tools/bin/../lib/gcc/arm-none-eabi/7.3.1/thumb/v7-m\libgcc.a(_arm_cmpsf2.o)
                0x0000000008000224                __gesf2
                0x0000000008000224                __gtsf2
                0x000000000800022c                __lesf2
                0x000000000800022c                __ltsf2
                0x0000000008000234                __nesf2
                0x0000000008000234                __eqsf2
                0x0000000008000234                __cmpsf2
                0x0000000008000294                __aeabi_cfrcmple
                0x000000000800029c                __aeabi_cfcmpeq
                0x000000000800029c                __aeabi_cfcmple
                0x00000000080002ac                __aeabi_fcmpeq
                0x00000000080002c0                __aeabi_fcmplt
                0x00000000080002d4                __aeabi_fcmple
                0x00000000080002e8                __aeabi_fcmpge
                0x00000000080002fc                __aeabi_fcmpgt
 *(.text*)
 .text.BSP_BEEP_Config
                0x0000000008000310       0x54 Bsp/BEEP/bspbeep.o
                0x0000000008000310                BSP_BEEP_Config
 .text.BSP_DS18B20_Config
                0x0000000008000364       0x24 Bsp/DS18B20/bspds18b20.o
                0x0000000008000364                BSP_DS18B20_Config
 .text.DS18B20_Init
                0x0000000008000388       0x54 Bsp/DS18B20/bspds18b20.o
 .text.DS18B20_Mode_IPU
                0x00000000080003dc       0x24 Bsp/DS18B20/bspds18b20.o
 .text.DS18B20_Mode_Out_PP
                0x0000000008000400       0x28 Bsp/DS18B20/bspds18b20.o
 .text.DS18B20_Rst
                0x0000000008000428       0x34 Bsp/DS18B20/bspds18b20.o
 .text.DS18B20_Presence
                0x000000000800045c       0x78 Bsp/DS18B20/bspds18b20.o
 .text.CPU_TS_TmrInit
                0x00000000080004d4       0x38 Bsp/DWTDELAY/bspdelay.o
                0x00000000080004d4                CPU_TS_TmrInit
 .text.CPU_TS_TmrRd
                0x000000000800050c       0x14 Bsp/DWTDELAY/bspdelay.o
                0x000000000800050c                CPU_TS_TmrRd
 .text.CPU_TS_Tmr_Delay_US
                0x0000000008000520       0x80 Bsp/DWTDELAY/bspdelay.o
                0x0000000008000520                CPU_TS_Tmr_Delay_US
 .text.BSP_KEY_Init
                0x00000000080005a0       0xd4 Bsp/KEY/bspkey.o
                0x00000000080005a0                BSP_KEY_Init
 .text.BSP_KEY_Config
                0x0000000008000674       0x14 Bsp/KEY/bspkey.o
                0x0000000008000674                BSP_KEY_Config
 .text.BSP_LED_Init
                0x0000000008000688       0xec Bsp/LED/bspled.o
                0x0000000008000688                BSP_LED_Init
 .text.BSP_LED_Config
                0x0000000008000774       0x1a Bsp/LED/bspled.o
                0x0000000008000774                BSP_LED_Config
 *fill*         0x000000000800078e        0x2 
 .text.BSP_LED_Off
                0x0000000008000790       0x34 Bsp/LED/bspled.o
                0x0000000008000790                BSP_LED_Off
 .text.BSP_CO2_Tx
                0x00000000080007c4       0x6c Bsp/MH-Z19B/bspmh_z19b.o
                0x00000000080007c4                BSP_CO2_Tx
 .text.getCheckSum
                0x0000000008000830       0x44 Bsp/MH-Z19B/bspmh_z19b.o
                0x0000000008000830                getCheckSum
 .text.OLED_WrDat
                0x0000000008000874       0x78 Bsp/OLED/bspoled.o
                0x0000000008000874                OLED_WrDat
 .text.OLED_WrCmd
                0x00000000080008ec       0x78 Bsp/OLED/bspoled.o
                0x00000000080008ec                OLED_WrCmd
 .text.OLED_SetPos
                0x0000000008000964       0x4e Bsp/OLED/bspoled.o
                0x0000000008000964                OLED_SetPos
 .text.OLED_Fill
                0x00000000080009b2       0x58 Bsp/OLED/bspoled.o
                0x00000000080009b2                OLED_Fill
 *fill*         0x0000000008000a0a        0x2 
 .text.OLED_Init
                0x0000000008000a0c       0xdc Bsp/OLED/bspoled.o
                0x0000000008000a0c                OLED_Init
 .text.BSP_OLED_Config
                0x0000000008000ae8       0xf4 Bsp/OLED/bspoled.o
                0x0000000008000ae8                BSP_OLED_Config
 .text.BSP_OLED_CLS
                0x0000000008000bdc        0xe Bsp/OLED/bspoled.o
                0x0000000008000bdc                BSP_OLED_CLS
 *fill*         0x0000000008000bea        0x2 
 .text.BSP_OLED_Big_Str
                0x0000000008000bec       0xc4 Bsp/OLED/bspoled.o
                0x0000000008000bec                BSP_OLED_Big_Str
 .text.BSP_SR501_EXTI_Config
                0x0000000008000cb0       0x74 Bsp/SR501/bspsr501.o
                0x0000000008000cb0                BSP_SR501_EXTI_Config
 .text.MX_DMA_Init
                0x0000000008000d24       0x4c Core/Src/dma.o
                0x0000000008000d24                MX_DMA_Init
 .text.MX_GPIO_Init
                0x0000000008000d70       0x98 Core/Src/gpio.o
                0x0000000008000d70                MX_GPIO_Init
 .text.main     0x0000000008000e08       0xa8 Core/Src/main.o
                0x0000000008000e08                main
 .text.SystemClock_Config
                0x0000000008000eb0       0x8a Core/Src/main.o
                0x0000000008000eb0                SystemClock_Config
 *fill*         0x0000000008000f3a        0x2 
 .text.HAL_TIM_PeriodElapsedCallback
                0x0000000008000f3c       0x68 Core/Src/main.o
                0x0000000008000f3c                HAL_TIM_PeriodElapsedCallback
 .text.HAL_GPIO_EXTI_Callback
                0x0000000008000fa4       0x24 Core/Src/main.o
                0x0000000008000fa4                HAL_GPIO_EXTI_Callback
 .text.Error_Handler
                0x0000000008000fc8        0xc Core/Src/main.o
                0x0000000008000fc8                Error_Handler
 .text.HAL_MspInit
                0x0000000008000fd4       0x64 Core/Src/stm32f1xx_hal_msp.o
                0x0000000008000fd4                HAL_MspInit
 .text.NMI_Handler
                0x0000000008001038        0xc Core/Src/stm32f1xx_it.o
                0x0000000008001038                NMI_Handler
 .text.HardFault_Handler
                0x0000000008001044        0x6 Core/Src/stm32f1xx_it.o
                0x0000000008001044                HardFault_Handler
 .text.MemManage_Handler
                0x000000000800104a        0x6 Core/Src/stm32f1xx_it.o
                0x000000000800104a                MemManage_Handler
 .text.BusFault_Handler
                0x0000000008001050        0x6 Core/Src/stm32f1xx_it.o
                0x0000000008001050                BusFault_Handler
 .text.UsageFault_Handler
                0x0000000008001056        0x6 Core/Src/stm32f1xx_it.o
                0x0000000008001056                UsageFault_Handler
 .text.SVC_Handler
                0x000000000800105c        0xc Core/Src/stm32f1xx_it.o
                0x000000000800105c                SVC_Handler
 .text.DebugMon_Handler
                0x0000000008001068        0xc Core/Src/stm32f1xx_it.o
                0x0000000008001068                DebugMon_Handler
 .text.PendSV_Handler
                0x0000000008001074        0xc Core/Src/stm32f1xx_it.o
                0x0000000008001074                PendSV_Handler
 .text.SysTick_Handler
                0x0000000008001080        0xc Core/Src/stm32f1xx_it.o
                0x0000000008001080                SysTick_Handler
 .text.DMA1_Channel4_IRQHandler
                0x000000000800108c       0x14 Core/Src/stm32f1xx_it.o
                0x000000000800108c                DMA1_Channel4_IRQHandler
 .text.DMA1_Channel5_IRQHandler
                0x00000000080010a0       0x14 Core/Src/stm32f1xx_it.o
                0x00000000080010a0                DMA1_Channel5_IRQHandler
 .text.TIM4_IRQHandler
                0x00000000080010b4       0x14 Core/Src/stm32f1xx_it.o
                0x00000000080010b4                TIM4_IRQHandler
 .text.USART1_IRQHandler
                0x00000000080010c8       0x14 Core/Src/stm32f1xx_it.o
                0x00000000080010c8                USART1_IRQHandler
 .text.EXTI9_5_IRQHandler
                0x00000000080010dc       0x10 Core/Src/stm32f1xx_it.o
                0x00000000080010dc                EXTI9_5_IRQHandler
 .text._sbrk    0x00000000080010ec       0x6c Core/Src/sysmem.o
                0x00000000080010ec                _sbrk
 .text.SystemInit
                0x0000000008001158       0x68 Core/Src/system_stm32f1xx.o
                0x0000000008001158                SystemInit
 .text.MX_TIM4_Init
                0x00000000080011c0       0x9c Core/Src/tim.o
                0x00000000080011c0                MX_TIM4_Init
 .text.HAL_TIM_Base_MspInit
                0x000000000800125c       0x4c Core/Src/tim.o
                0x000000000800125c                HAL_TIM_Base_MspInit
 .text.MX_USART1_UART_Init
                0x00000000080012a8       0x54 Core/Src/usart.o
                0x00000000080012a8                MX_USART1_UART_Init
 .text.MX_USART2_UART_Init
                0x00000000080012fc       0x54 Core/Src/usart.o
                0x00000000080012fc                MX_USART2_UART_Init
 .text.HAL_UART_MspInit
                0x0000000008001350      0x1c4 Core/Src/usart.o
                0x0000000008001350                HAL_UART_MspInit
 .text.Reset_Handler
                0x0000000008001514       0x48 Core/Startup/startup_stm32f103zetx.o
                0x0000000008001514                Reset_Handler
 .text.Default_Handler
                0x000000000800155c        0x2 Core/Startup/startup_stm32f103zetx.o
                0x000000000800155c                RTC_Alarm_IRQHandler
                0x000000000800155c                EXTI2_IRQHandler
                0x000000000800155c                TIM8_TRG_COM_IRQHandler
                0x000000000800155c                TIM8_CC_IRQHandler
                0x000000000800155c                TIM1_CC_IRQHandler
                0x000000000800155c                TIM6_IRQHandler
                0x000000000800155c                PVD_IRQHandler
                0x000000000800155c                SDIO_IRQHandler
                0x000000000800155c                EXTI3_IRQHandler
                0x000000000800155c                EXTI0_IRQHandler
                0x000000000800155c                I2C2_EV_IRQHandler
                0x000000000800155c                ADC1_2_IRQHandler
                0x000000000800155c                SPI1_IRQHandler
                0x000000000800155c                TAMPER_IRQHandler
                0x000000000800155c                TIM8_UP_IRQHandler
                0x000000000800155c                DMA2_Channel2_IRQHandler
                0x000000000800155c                USART3_IRQHandler
                0x000000000800155c                RTC_IRQHandler
                0x000000000800155c                DMA1_Channel7_IRQHandler
                0x000000000800155c                CAN1_RX1_IRQHandler
                0x000000000800155c                UART5_IRQHandler
                0x000000000800155c                ADC3_IRQHandler
                0x000000000800155c                DMA2_Channel1_IRQHandler
                0x000000000800155c                I2C1_EV_IRQHandler
                0x000000000800155c                DMA1_Channel6_IRQHandler
                0x000000000800155c                UART4_IRQHandler
                0x000000000800155c                TIM3_IRQHandler
                0x000000000800155c                RCC_IRQHandler
                0x000000000800155c                TIM1_TRG_COM_IRQHandler
                0x000000000800155c                DMA1_Channel1_IRQHandler
                0x000000000800155c                Default_Handler
                0x000000000800155c                EXTI15_10_IRQHandler
                0x000000000800155c                TIM7_IRQHandler
                0x000000000800155c                TIM5_IRQHandler
                0x000000000800155c                SPI2_IRQHandler
                0x000000000800155c                EXTI4_IRQHandler
                0x000000000800155c                USB_LP_CAN1_RX0_IRQHandler
                0x000000000800155c                USB_HP_CAN1_TX_IRQHandler
                0x000000000800155c                DMA1_Channel3_IRQHandler
                0x000000000800155c                FSMC_IRQHandler
                0x000000000800155c                TIM1_UP_IRQHandler
                0x000000000800155c                WWDG_IRQHandler
                0x000000000800155c                TIM2_IRQHandler
                0x000000000800155c                TIM1_BRK_IRQHandler
                0x000000000800155c                EXTI1_IRQHandler
                0x000000000800155c                DMA2_Channel4_5_IRQHandler
                0x000000000800155c                USART2_IRQHandler
                0x000000000800155c                I2C2_ER_IRQHandler
                0x000000000800155c                DMA1_Channel2_IRQHandler
                0x000000000800155c                TIM8_BRK_IRQHandler
                0x000000000800155c                CAN1_SCE_IRQHandler
                0x000000000800155c                FLASH_IRQHandler
                0x000000000800155c                SPI3_IRQHandler
                0x000000000800155c                I2C1_ER_IRQHandler
                0x000000000800155c                USBWakeUp_IRQHandler
                0x000000000800155c                DMA2_Channel3_IRQHandler
 *fill*         0x000000000800155e        0x2 
 .text.HAL_Init
                0x0000000008001560       0x2c Drivers/STM32F1xx_HAL_Driver/Src/stm32f1xx_hal.o
                0x0000000008001560                HAL_Init
 .text.HAL_InitTick
                0x000000000800158c       0x60 Drivers/STM32F1xx_HAL_Driver/Src/stm32f1xx_hal.o
                0x000000000800158c                HAL_InitTick
 .text.HAL_IncTick
                0x00000000080015ec       0x24 Drivers/STM32F1xx_HAL_Driver/Src/stm32f1xx_hal.o
                0x00000000080015ec                HAL_IncTick
 .text.HAL_GetTick
                0x0000000008001610       0x14 Drivers/STM32F1xx_HAL_Driver/Src/stm32f1xx_hal.o
                0x0000000008001610                HAL_GetTick
 .text.HAL_Delay
                0x0000000008001624       0x44 Drivers/STM32F1xx_HAL_Driver/Src/stm32f1xx_hal.o
                0x0000000008001624                HAL_Delay
 .text.__NVIC_SetPriorityGrouping
                0x0000000008001668       0x48 Drivers/STM32F1xx_HAL_Driver/Src/stm32f1xx_hal_cortex.o
 .text.__NVIC_GetPriorityGrouping
                0x00000000080016b0       0x1c Drivers/STM32F1xx_HAL_Driver/Src/stm32f1xx_hal_cortex.o
 .text.__NVIC_EnableIRQ
                0x00000000080016cc       0x38 Drivers/STM32F1xx_HAL_Driver/Src/stm32f1xx_hal_cortex.o
 .text.__NVIC_SetPriority
                0x0000000008001704       0x54 Drivers/STM32F1xx_HAL_Driver/Src/stm32f1xx_hal_cortex.o
 .text.NVIC_EncodePriority
                0x0000000008001758       0x64 Drivers/STM32F1xx_HAL_Driver/Src/stm32f1xx_hal_cortex.o
 .text.SysTick_Config
                0x00000000080017bc       0x44 Drivers/STM32F1xx_HAL_Driver/Src/stm32f1xx_hal_cortex.o
 .text.HAL_NVIC_SetPriorityGrouping
                0x0000000008001800       0x16 Drivers/STM32F1xx_HAL_Driver/Src/stm32f1xx_hal_cortex.o
                0x0000000008001800                HAL_NVIC_SetPriorityGrouping
 .text.HAL_NVIC_SetPriority
                0x0000000008001816       0x38 Drivers/STM32F1xx_HAL_Driver/Src/stm32f1xx_hal_cortex.o
                0x0000000008001816                HAL_NVIC_SetPriority
 .text.HAL_NVIC_EnableIRQ
                0x000000000800184e       0x1c Drivers/STM32F1xx_HAL_Driver/Src/stm32f1xx_hal_cortex.o
                0x000000000800184e                HAL_NVIC_EnableIRQ
 .text.HAL_SYSTICK_Config
                0x000000000800186a       0x18 Drivers/STM32F1xx_HAL_Driver/Src/stm32f1xx_hal_cortex.o
                0x000000000800186a                HAL_SYSTICK_Config
 *fill*         0x0000000008001882        0x2 
 .text.HAL_DMA_Init
                0x0000000008001884       0xec Drivers/STM32F1xx_HAL_Driver/Src/stm32f1xx_hal_dma.o
                0x0000000008001884                HAL_DMA_Init
 .text.HAL_DMA_Abort_IT
                0x0000000008001970      0x210 Drivers/STM32F1xx_HAL_Driver/Src/stm32f1xx_hal_dma.o
                0x0000000008001970                HAL_DMA_Abort_IT
 .text.HAL_DMA_IRQHandler
                0x0000000008001b80      0x478 Drivers/STM32F1xx_HAL_Driver/Src/stm32f1xx_hal_dma.o
                0x0000000008001b80                HAL_DMA_IRQHandler
 .text.HAL_GPIO_Init
                0x0000000008001ff8      0x2d4 Drivers/STM32F1xx_HAL_Driver/Src/stm32f1xx_hal_gpio.o
                0x0000000008001ff8                HAL_GPIO_Init
 .text.HAL_GPIO_ReadPin
                0x00000000080022cc       0x2e Drivers/STM32F1xx_HAL_Driver/Src/stm32f1xx_hal_gpio.o
                0x00000000080022cc                HAL_GPIO_ReadPin
 .text.HAL_GPIO_WritePin
                0x00000000080022fa       0x30 Drivers/STM32F1xx_HAL_Driver/Src/stm32f1xx_hal_gpio.o
                0x00000000080022fa                HAL_GPIO_WritePin
 *fill*         0x000000000800232a        0x2 
 .text.HAL_GPIO_EXTI_IRQHandler
                0x000000000800232c       0x30 Drivers/STM32F1xx_HAL_Driver/Src/stm32f1xx_hal_gpio.o
                0x000000000800232c                HAL_GPIO_EXTI_IRQHandler
 .text.HAL_RCC_OscConfig
                0x000000000800235c      0x500 Drivers/STM32F1xx_HAL_Driver/Src/stm32f1xx_hal_rcc.o
                0x000000000800235c                HAL_RCC_OscConfig
 .text.HAL_RCC_ClockConfig
                0x000000000800285c      0x1d4 Drivers/STM32F1xx_HAL_Driver/Src/stm32f1xx_hal_rcc.o
                0x000000000800285c                HAL_RCC_ClockConfig
 .text.HAL_RCC_GetSysClockFreq
                0x0000000008002a30       0xc4 Drivers/STM32F1xx_HAL_Driver/Src/stm32f1xx_hal_rcc.o
                0x0000000008002a30                HAL_RCC_GetSysClockFreq
 .text.HAL_RCC_GetHCLKFreq
                0x0000000008002af4       0x14 Drivers/STM32F1xx_HAL_Driver/Src/stm32f1xx_hal_rcc.o
                0x0000000008002af4                HAL_RCC_GetHCLKFreq
 .text.HAL_RCC_GetPCLK1Freq
                0x0000000008002b08       0x28 Drivers/STM32F1xx_HAL_Driver/Src/stm32f1xx_hal_rcc.o
                0x0000000008002b08                HAL_RCC_GetPCLK1Freq
 .text.HAL_RCC_GetPCLK2Freq
                0x0000000008002b30       0x28 Drivers/STM32F1xx_HAL_Driver/Src/stm32f1xx_hal_rcc.o
                0x0000000008002b30                HAL_RCC_GetPCLK2Freq
 .text.RCC_Delay
                0x0000000008002b58       0x3c Drivers/STM32F1xx_HAL_Driver/Src/stm32f1xx_hal_rcc.o
 .text.HAL_TIM_Base_Init
                0x0000000008002b94       0x56 Drivers/STM32F1xx_HAL_Driver/Src/stm32f1xx_hal_tim.o
                0x0000000008002b94                HAL_TIM_Base_Init
 .text.HAL_TIM_Base_Start_IT
                0x0000000008002bea       0x46 Drivers/STM32F1xx_HAL_Driver/Src/stm32f1xx_hal_tim.o
                0x0000000008002bea                HAL_TIM_Base_Start_IT
 .text.HAL_TIM_IRQHandler
                0x0000000008002c30      0x210 Drivers/STM32F1xx_HAL_Driver/Src/stm32f1xx_hal_tim.o
                0x0000000008002c30                HAL_TIM_IRQHandler
 .text.HAL_TIM_ConfigClockSource
                0x0000000008002e40      0x16e Drivers/STM32F1xx_HAL_Driver/Src/stm32f1xx_hal_tim.o
                0x0000000008002e40                HAL_TIM_ConfigClockSource
 .text.HAL_TIM_OC_DelayElapsedCallback
                0x0000000008002fae       0x12 Drivers/STM32F1xx_HAL_Driver/Src/stm32f1xx_hal_tim.o
                0x0000000008002fae                HAL_TIM_OC_DelayElapsedCallback
 .text.HAL_TIM_IC_CaptureCallback
                0x0000000008002fc0       0x12 Drivers/STM32F1xx_HAL_Driver/Src/stm32f1xx_hal_tim.o
                0x0000000008002fc0                HAL_TIM_IC_CaptureCallback
 .text.HAL_TIM_PWM_PulseFinishedCallback
                0x0000000008002fd2       0x12 Drivers/STM32F1xx_HAL_Driver/Src/stm32f1xx_hal_tim.o
                0x0000000008002fd2                HAL_TIM_PWM_PulseFinishedCallback
 .text.HAL_TIM_TriggerCallback
                0x0000000008002fe4       0x12 Drivers/STM32F1xx_HAL_Driver/Src/stm32f1xx_hal_tim.o
                0x0000000008002fe4                HAL_TIM_TriggerCallback
 *fill*         0x0000000008002ff6        0x2 
 .text.TIM_Base_SetConfig
                0x0000000008002ff8       0xf4 Drivers/STM32F1xx_HAL_Driver/Src/stm32f1xx_hal_tim.o
                0x0000000008002ff8                TIM_Base_SetConfig
 .text.TIM_TI1_ConfigInputStage
                0x00000000080030ec       0x5c Drivers/STM32F1xx_HAL_Driver/Src/stm32f1xx_hal_tim.o
 .text.TIM_TI2_ConfigInputStage
                0x0000000008003148       0x5e Drivers/STM32F1xx_HAL_Driver/Src/stm32f1xx_hal_tim.o
 .text.TIM_ITRx_SetConfig
                0x00000000080031a6       0x34 Drivers/STM32F1xx_HAL_Driver/Src/stm32f1xx_hal_tim.o
 .text.TIM_ETR_SetConfig
                0x00000000080031da       0x3e Drivers/STM32F1xx_HAL_Driver/Src/stm32f1xx_hal_tim.o
                0x00000000080031da                TIM_ETR_SetConfig
 .text.HAL_TIMEx_MasterConfigSynchronization
                0x0000000008003218       0x88 Drivers/STM32F1xx_HAL_Driver/Src/stm32f1xx_hal_tim_ex.o
                0x0000000008003218                HAL_TIMEx_MasterConfigSynchronization
 .text.HAL_TIMEx_CommutCallback
                0x00000000080032a0       0x12 Drivers/STM32F1xx_HAL_Driver/Src/stm32f1xx_hal_tim_ex.o
                0x00000000080032a0                HAL_TIMEx_CommutCallback
 .text.HAL_TIMEx_BreakCallback
                0x00000000080032b2       0x12 Drivers/STM32F1xx_HAL_Driver/Src/stm32f1xx_hal_tim_ex.o
                0x00000000080032b2                HAL_TIMEx_BreakCallback
 .text.HAL_UART_Init
                0x00000000080032c4       0x9a Drivers/STM32F1xx_HAL_Driver/Src/stm32f1xx_hal_uart.o
                0x00000000080032c4                HAL_UART_Init
 .text.HAL_UART_Transmit
                0x000000000800335e      0x132 Drivers/STM32F1xx_HAL_Driver/Src/stm32f1xx_hal_uart.o
                0x000000000800335e                HAL_UART_Transmit
 .text.HAL_UART_Receive
                0x0000000008003490      0x14c Drivers/STM32F1xx_HAL_Driver/Src/stm32f1xx_hal_uart.o
                0x0000000008003490                HAL_UART_Receive
 .text.HAL_UART_IRQHandler
                0x00000000080035dc      0x1f8 Drivers/STM32F1xx_HAL_Driver/Src/stm32f1xx_hal_uart.o
                0x00000000080035dc                HAL_UART_IRQHandler
 .text.HAL_UART_TxCpltCallback
                0x00000000080037d4       0x12 Drivers/STM32F1xx_HAL_Driver/Src/stm32f1xx_hal_uart.o
                0x00000000080037d4                HAL_UART_TxCpltCallback
 .text.HAL_UART_RxCpltCallback
                0x00000000080037e6       0x12 Drivers/STM32F1xx_HAL_Driver/Src/stm32f1xx_hal_uart.o
                0x00000000080037e6                HAL_UART_RxCpltCallback
 .text.HAL_UART_ErrorCallback
                0x00000000080037f8       0x12 Drivers/STM32F1xx_HAL_Driver/Src/stm32f1xx_hal_uart.o
                0x00000000080037f8                HAL_UART_ErrorCallback
 .text.UART_WaitOnFlagUntilTimeout
                0x000000000800380a       0x94 Drivers/STM32F1xx_HAL_Driver/Src/stm32f1xx_hal_uart.o
 .text.UART_EndRxTransfer
                0x000000000800389e       0x3a Drivers/STM32F1xx_HAL_Driver/Src/stm32f1xx_hal_uart.o
 .text.UART_DMAAbortOnError
                0x00000000080038d8       0x28 Drivers/STM32F1xx_HAL_Driver/Src/stm32f1xx_hal_uart.o
 .text.UART_Transmit_IT
                0x0000000008003900       0xaa Drivers/STM32F1xx_HAL_Driver/Src/stm32f1xx_hal_uart.o
 .text.UART_EndTransmit_IT
                0x00000000080039aa       0x30 Drivers/STM32F1xx_HAL_Driver/Src/stm32f1xx_hal_uart.o
 .text.UART_Receive_IT
                0x00000000080039da      0x102 Drivers/STM32F1xx_HAL_Driver/Src/stm32f1xx_hal_uart.o
 .text.UART_SetConfig
                0x0000000008003adc      0x1b4 Drivers/STM32F1xx_HAL_Driver/Src/stm32f1xx_hal_uart.o
 .text.__errno  0x0000000008003c90        0xc d:/program files/stm32cubeide_1.4.0/stm32cubeide/plugins/com.st.stm32cube.ide.mcu.externaltools.gnu-tools-for-stm32.7-2018-q2-update.win32_1.4.0.202007081208/tools/bin/../lib/gcc/arm-none-eabi/7.3.1/../../../../arm-none-eabi/lib/thumb/v7-m\libc_nano.a(lib_a-errno.o)
                0x0000000008003c90                __errno
 .text.__libc_init_array
                0x0000000008003c9c       0x48 d:/program files/stm32cubeide_1.4.0/stm32cubeide/plugins/com.st.stm32cube.ide.mcu.externaltools.gnu-tools-for-stm32.7-2018-q2-update.win32_1.4.0.202007081208/tools/bin/../lib/gcc/arm-none-eabi/7.3.1/../../../../arm-none-eabi/lib/thumb/v7-m\libc_nano.a(lib_a-init.o)
                0x0000000008003c9c                __libc_init_array
 .text.memset   0x0000000008003ce4       0x10 d:/program files/stm32cubeide_1.4.0/stm32cubeide/plugins/com.st.stm32cube.ide.mcu.externaltools.gnu-tools-for-stm32.7-2018-q2-update.win32_1.4.0.202007081208/tools/bin/../lib/gcc/arm-none-eabi/7.3.1/../../../../arm-none-eabi/lib/thumb/v7-m\libc_nano.a(lib_a-memset.o)
                0x0000000008003ce4                memset
 .text.sprintf  0x0000000008003cf4       0x40 d:/program files/stm32cubeide_1.4.0/stm32cubeide/plugins/com.st.stm32cube.ide.mcu.externaltools.gnu-tools-for-stm32.7-2018-q2-update.win32_1.4.0.202007081208/tools/bin/../lib/gcc/arm-none-eabi/7.3.1/../../../../arm-none-eabi/lib/thumb/v7-m\libc_nano.a(lib_a-sprintf.o)
                0x0000000008003cf4                siprintf
                0x0000000008003cf4                sprintf
 .text.__ssputs_r
                0x0000000008003d34       0xb4 d:/program files/stm32cubeide_1.4.0/stm32cubeide/plugins/com.st.stm32cube.ide.mcu.externaltools.gnu-tools-for-stm32.7-2018-q2-update.win32_1.4.0.202007081208/tools/bin/../lib/gcc/arm-none-eabi/7.3.1/../../../../arm-none-eabi/lib/thumb/v7-m\libc_nano.a(lib_a-nano-svfprintf.o)
                0x0000000008003d34                __ssputs_r
 .text._svfprintf_r
                0x0000000008003de8      0x1f0 d:/program files/stm32cubeide_1.4.0/stm32cubeide/plugins/com.st.stm32cube.ide.mcu.externaltools.gnu-tools-for-stm32.7-2018-q2-update.win32_1.4.0.202007081208/tools/bin/../lib/gcc/arm-none-eabi/7.3.1/../../../../arm-none-eabi/lib/thumb/v7-m\libc_nano.a(lib_a-nano-svfprintf.o)
                0x0000000008003de8                _svfiprintf_r
                0x0000000008003de8                _svfprintf_r
 .text._printf_common
                0x0000000008003fd8       0xec d:/program files/stm32cubeide_1.4.0/stm32cubeide/plugins/com.st.stm32cube.ide.mcu.externaltools.gnu-tools-for-stm32.7-2018-q2-update.win32_1.4.0.202007081208/tools/bin/../lib/gcc/arm-none-eabi/7.3.1/../../../../arm-none-eabi/lib/thumb/v7-m\libc_nano.a(lib_a-nano-vfprintf_i.o)
                0x0000000008003fd8                _printf_common
 .text._printf_i
                0x00000000080040c4      0x224 d:/program files/stm32cubeide_1.4.0/stm32cubeide/plugins/com.st.stm32cube.ide.mcu.externaltools.gnu-tools-for-stm32.7-2018-q2-update.win32_1.4.0.202007081208/tools/bin/../lib/gcc/arm-none-eabi/7.3.1/../../../../arm-none-eabi/lib/thumb/v7-m\libc_nano.a(lib_a-nano-vfprintf_i.o)
                0x00000000080040c4                _printf_i
 .text.memchr   0x00000000080042e8       0x1c d:/program files/stm32cubeide_1.4.0/stm32cubeide/plugins/com.st.stm32cube.ide.mcu.externaltools.gnu-tools-for-stm32.7-2018-q2-update.win32_1.4.0.202007081208/tools/bin/../lib/gcc/arm-none-eabi/7.3.1/../../../../arm-none-eabi/lib/thumb/v7-m\libc_nano.a(lib_a-memchr-stub.o)
                0x00000000080042e8                memchr
 .text.memcpy   0x0000000008004304       0x16 d:/program files/stm32cubeide_1.4.0/stm32cubeide/plugins/com.st.stm32cube.ide.mcu.externaltools.gnu-tools-for-stm32.7-2018-q2-update.win32_1.4.0.202007081208/tools/bin/../lib/gcc/arm-none-eabi/7.3.1/../../../../arm-none-eabi/lib/thumb/v7-m\libc_nano.a(lib_a-memcpy-stub.o)
                0x0000000008004304                memcpy
 .text.memmove  0x000000000800431a       0x32 d:/program files/stm32cubeide_1.4.0/stm32cubeide/plugins/com.st.stm32cube.ide.mcu.externaltools.gnu-tools-for-stm32.7-2018-q2-update.win32_1.4.0.202007081208/tools/bin/../lib/gcc/arm-none-eabi/7.3.1/../../../../arm-none-eabi/lib/thumb/v7-m\libc_nano.a(lib_a-memmove.o)
                0x000000000800431a                memmove
 .text._free_r  0x000000000800434c       0x98 d:/program files/stm32cubeide_1.4.0/stm32cubeide/plugins/com.st.stm32cube.ide.mcu.externaltools.gnu-tools-for-stm32.7-2018-q2-update.win32_1.4.0.202007081208/tools/bin/../lib/gcc/arm-none-eabi/7.3.1/../../../../arm-none-eabi/lib/thumb/v7-m\libc_nano.a(lib_a-nano-freer.o)
                0x000000000800434c                _free_r
 .text._malloc_r
                0x00000000080043e4       0xb4 d:/program files/stm32cubeide_1.4.0/stm32cubeide/plugins/com.st.stm32cube.ide.mcu.externaltools.gnu-tools-for-stm32.7-2018-q2-update.win32_1.4.0.202007081208/tools/bin/../lib/gcc/arm-none-eabi/7.3.1/../../../../arm-none-eabi/lib/thumb/v7-m\libc_nano.a(lib_a-nano-mallocr.o)
                0x00000000080043e4                _malloc_r
 .text._realloc_r
                0x0000000008004498       0x4c d:/program files/stm32cubeide_1.4.0/stm32cubeide/plugins/com.st.stm32cube.ide.mcu.externaltools.gnu-tools-for-stm32.7-2018-q2-update.win32_1.4.0.202007081208/tools/bin/../lib/gcc/arm-none-eabi/7.3.1/../../../../arm-none-eabi/lib/thumb/v7-m\libc_nano.a(lib_a-nano-reallocr.o)
                0x0000000008004498                _realloc_r
 .text._sbrk_r  0x00000000080044e4       0x20 d:/program files/stm32cubeide_1.4.0/stm32cubeide/plugins/com.st.stm32cube.ide.mcu.externaltools.gnu-tools-for-stm32.7-2018-q2-update.win32_1.4.0.202007081208/tools/bin/../lib/gcc/arm-none-eabi/7.3.1/../../../../arm-none-eabi/lib/thumb/v7-m\libc_nano.a(lib_a-sbrkr.o)
                0x00000000080044e4                _sbrk_r
 .text.__malloc_lock
                0x0000000008004504        0x2 d:/program files/stm32cubeide_1.4.0/stm32cubeide/plugins/com.st.stm32cube.ide.mcu.externaltools.gnu-tools-for-stm32.7-2018-q2-update.win32_1.4.0.202007081208/tools/bin/../lib/gcc/arm-none-eabi/7.3.1/../../../../arm-none-eabi/lib/thumb/v7-m\libc_nano.a(lib_a-mlock.o)
                0x0000000008004504                __malloc_lock
 .text.__malloc_unlock
                0x0000000008004506        0x2 d:/program files/stm32cubeide_1.4.0/stm32cubeide/plugins/com.st.stm32cube.ide.mcu.externaltools.gnu-tools-for-stm32.7-2018-q2-update.win32_1.4.0.202007081208/tools/bin/../lib/gcc/arm-none-eabi/7.3.1/../../../../arm-none-eabi/lib/thumb/v7-m\libc_nano.a(lib_a-mlock.o)
                0x0000000008004506                __malloc_unlock
 .text._malloc_usable_size_r
                0x0000000008004508       0x10 d:/program files/stm32cubeide_1.4.0/stm32cubeide/plugins/com.st.stm32cube.ide.mcu.externaltools.gnu-tools-for-stm32.7-2018-q2-update.win32_1.4.0.202007081208/tools/bin/../lib/gcc/arm-none-eabi/7.3.1/../../../../arm-none-eabi/lib/thumb/v7-m\libc_nano.a(lib_a-nano-msizer.o)
                0x0000000008004508                _malloc_usable_size_r
 *(.glue_7)
 .glue_7        0x0000000008004518        0x0 linker stubs
 *(.glue_7t)
 .glue_7t       0x0000000008004518        0x0 linker stubs
 *(.eh_frame)
 .eh_frame      0x0000000008004518        0x0 d:/program files/stm32cubeide_1.4.0/stm32cubeide/plugins/com.st.stm32cube.ide.mcu.externaltools.gnu-tools-for-stm32.7-2018-q2-update.win32_1.4.0.202007081208/tools/bin/../lib/gcc/arm-none-eabi/7.3.1/thumb/v7-m/crtbegin.o
 *(.init)
 .init          0x0000000008004518        0x4 d:/program files/stm32cubeide_1.4.0/stm32cubeide/plugins/com.st.stm32cube.ide.mcu.externaltools.gnu-tools-for-stm32.7-2018-q2-update.win32_1.4.0.202007081208/tools/bin/../lib/gcc/arm-none-eabi/7.3.1/thumb/v7-m/crti.o
                0x0000000008004518                _init
 .init          0x000000000800451c        0x8 d:/program files/stm32cubeide_1.4.0/stm32cubeide/plugins/com.st.stm32cube.ide.mcu.externaltools.gnu-tools-for-stm32.7-2018-q2-update.win32_1.4.0.202007081208/tools/bin/../lib/gcc/arm-none-eabi/7.3.1/thumb/v7-m/crtn.o
 *(.fini)
 .fini          0x0000000008004524        0x4 d:/program files/stm32cubeide_1.4.0/stm32cubeide/plugins/com.st.stm32cube.ide.mcu.externaltools.gnu-tools-for-stm32.7-2018-q2-update.win32_1.4.0.202007081208/tools/bin/../lib/gcc/arm-none-eabi/7.3.1/thumb/v7-m/crti.o
                0x0000000008004524                _fini
 .fini          0x0000000008004528        0x8 d:/program files/stm32cubeide_1.4.0/stm32cubeide/plugins/com.st.stm32cube.ide.mcu.externaltools.gnu-tools-for-stm32.7-2018-q2-update.win32_1.4.0.202007081208/tools/bin/../lib/gcc/arm-none-eabi/7.3.1/thumb/v7-m/crtn.o
                0x0000000008004530                . = ALIGN (0x4)
                0x0000000008004530                _etext = .

.vfp11_veneer   0x0000000008004530        0x0
 .vfp11_veneer  0x0000000008004530        0x0 linker stubs

.v4_bx          0x0000000008004530        0x0
 .v4_bx         0x0000000008004530        0x0 linker stubs

.iplt           0x0000000008004530        0x0
 .iplt          0x0000000008004530        0x0 d:/program files/stm32cubeide_1.4.0/stm32cubeide/plugins/com.st.stm32cube.ide.mcu.externaltools.gnu-tools-for-stm32.7-2018-q2-update.win32_1.4.0.202007081208/tools/bin/../lib/gcc/arm-none-eabi/7.3.1/thumb/v7-m/crtbegin.o

.rodata         0x0000000008004530      0x66c
                0x0000000008004530                . = ALIGN (0x4)
 *(.rodata)
 .rodata        0x0000000008004530        0x3 Core/Src/main.o
 *fill*         0x0000000008004533        0x1 
 .rodata        0x0000000008004534       0x12 Drivers/STM32F1xx_HAL_Driver/Src/stm32f1xx_hal_rcc.o
 *(.rodata*)
 *fill*         0x0000000008004546        0x2 
 .rodata.KEY_PIN
                0x0000000008004548        0x8 Bsp/KEY/bspkey.o
                0x0000000008004548                KEY_PIN
 .rodata.LED_PIN
                0x0000000008004550        0x8 Bsp/LED/bspled.o
                0x0000000008004550                LED_PIN
 .rodata.F8X16  0x0000000008004558      0x5f0 Bsp/OLED/bspoled.o
 .rodata.OLED_PIN
                0x0000000008004b48        0x8 Bsp/OLED/bspoled.o
                0x0000000008004b48                OLED_PIN
 .rodata.AHBPrescTable
                0x0000000008004b50       0x10 Core/Src/system_stm32f1xx.o
                0x0000000008004b50                AHBPrescTable
 .rodata.APBPrescTable
                0x0000000008004b60        0x8 Core/Src/system_stm32f1xx.o
                0x0000000008004b60                APBPrescTable
 .rodata._svfprintf_r.str1.1
                0x0000000008004b68       0x11 d:/program files/stm32cubeide_1.4.0/stm32cubeide/plugins/com.st.stm32cube.ide.mcu.externaltools.gnu-tools-for-stm32.7-2018-q2-update.win32_1.4.0.202007081208/tools/bin/../lib/gcc/arm-none-eabi/7.3.1/../../../../arm-none-eabi/lib/thumb/v7-m\libc_nano.a(lib_a-nano-svfprintf.o)
 .rodata._printf_i.str1.1
                0x0000000008004b79       0x22 d:/program files/stm32cubeide_1.4.0/stm32cubeide/plugins/com.st.stm32cube.ide.mcu.externaltools.gnu-tools-for-stm32.7-2018-q2-update.win32_1.4.0.202007081208/tools/bin/../lib/gcc/arm-none-eabi/7.3.1/../../../../arm-none-eabi/lib/thumb/v7-m\libc_nano.a(lib_a-nano-vfprintf_i.o)
                0x0000000008004b9c                . = ALIGN (0x4)
 *fill*         0x0000000008004b9b        0x1 

.rel.dyn        0x0000000008004b9c        0x0
 .rel.iplt      0x0000000008004b9c        0x0 d:/program files/stm32cubeide_1.4.0/stm32cubeide/plugins/com.st.stm32cube.ide.mcu.externaltools.gnu-tools-for-stm32.7-2018-q2-update.win32_1.4.0.202007081208/tools/bin/../lib/gcc/arm-none-eabi/7.3.1/thumb/v7-m/crtbegin.o

.ARM.extab      0x0000000008004b9c        0x0
                0x0000000008004b9c                . = ALIGN (0x4)
 *(.ARM.extab* .gnu.linkonce.armextab.*)
                0x0000000008004b9c                . = ALIGN (0x4)

.ARM            0x0000000008004b9c        0x0
                0x0000000008004b9c                . = ALIGN (0x4)
                0x0000000008004b9c                __exidx_start = .
 *(.ARM.exidx*)
                0x0000000008004b9c                __exidx_end = .
                0x0000000008004b9c                . = ALIGN (0x4)

.preinit_array  0x0000000008004b9c        0x0
                0x0000000008004b9c                . = ALIGN (0x4)
                0x0000000008004b9c                PROVIDE (__preinit_array_start = .)
 *(.preinit_array*)
                0x0000000008004b9c                PROVIDE (__preinit_array_end = .)
                0x0000000008004b9c                . = ALIGN (0x4)

.init_array     0x0000000008004b9c        0x4
                0x0000000008004b9c                . = ALIGN (0x4)
                0x0000000008004b9c                PROVIDE (__init_array_start = .)
 *(SORT_BY_NAME(.init_array.*))
 *(.init_array*)
 .init_array    0x0000000008004b9c        0x4 d:/program files/stm32cubeide_1.4.0/stm32cubeide/plugins/com.st.stm32cube.ide.mcu.externaltools.gnu-tools-for-stm32.7-2018-q2-update.win32_1.4.0.202007081208/tools/bin/../lib/gcc/arm-none-eabi/7.3.1/thumb/v7-m/crtbegin.o
                0x0000000008004ba0                PROVIDE (__init_array_end = .)
                0x0000000008004ba0                . = ALIGN (0x4)

.fini_array     0x0000000008004ba0        0x4
                0x0000000008004ba0                . = ALIGN (0x4)
                [!provide]                        PROVIDE (__fini_array_start = .)
 *(SORT_BY_NAME(.fini_array.*))
 *(.fini_array*)
 .fini_array    0x0000000008004ba0        0x4 d:/program files/stm32cubeide_1.4.0/stm32cubeide/plugins/com.st.stm32cube.ide.mcu.externaltools.gnu-tools-for-stm32.7-2018-q2-update.win32_1.4.0.202007081208/tools/bin/../lib/gcc/arm-none-eabi/7.3.1/thumb/v7-m/crtbegin.o
                [!provide]                        PROVIDE (__fini_array_end = .)
                0x0000000008004ba4                . = ALIGN (0x4)
                0x0000000008004ba4                _sidata = LOADADDR (.data)

.data           0x0000000020000000       0xac load address 0x0000000008004ba4
                0x0000000020000000                . = ALIGN (0x4)
                0x0000000020000000                _sdata = .
 *(.data)
 *(.data*)
 .data.KEY_PORT
                0x0000000020000000       0x10 Bsp/KEY/bspkey.o
                0x0000000020000000                KEY_PORT
 .data.LED_PORT
                0x0000000020000010       0x10 Bsp/LED/bspled.o
                0x0000000020000010                LED_PORT
 .data.tx_array
                0x0000000020000020        0x9 Bsp/MH-Z19B/bspmh_z19b.o
                0x0000000020000020                tx_array
 *fill*         0x0000000020000029        0x3 
 .data.OLED_PORT
                0x000000002000002c       0x10 Bsp/OLED/bspoled.o
                0x000000002000002c                OLED_PORT
 .data.SystemCoreClock
                0x000000002000003c        0x4 Core/Src/system_stm32f1xx.o
                0x000000002000003c                SystemCoreClock
 .data.uwTickPrio
                0x0000000020000040        0x4 Drivers/STM32F1xx_HAL_Driver/Src/stm32f1xx_hal.o
                0x0000000020000040                uwTickPrio
 .data.uwTickFreq
                0x0000000020000044        0x1 Drivers/STM32F1xx_HAL_Driver/Src/stm32f1xx_hal.o
                0x0000000020000044                uwTickFreq
 *fill*         0x0000000020000045        0x3 
 .data._impure_ptr
                0x0000000020000048        0x4 d:/program files/stm32cubeide_1.4.0/stm32cubeide/plugins/com.st.stm32cube.ide.mcu.externaltools.gnu-tools-for-stm32.7-2018-q2-update.win32_1.4.0.202007081208/tools/bin/../lib/gcc/arm-none-eabi/7.3.1/../../../../arm-none-eabi/lib/thumb/v7-m\libc_nano.a(lib_a-impure.o)
                0x0000000020000048                _impure_ptr
 .data.impure_data
                0x000000002000004c       0x60 d:/program files/stm32cubeide_1.4.0/stm32cubeide/plugins/com.st.stm32cube.ide.mcu.externaltools.gnu-tools-for-stm32.7-2018-q2-update.win32_1.4.0.202007081208/tools/bin/../lib/gcc/arm-none-eabi/7.3.1/../../../../arm-none-eabi/lib/thumb/v7-m\libc_nano.a(lib_a-impure.o)
                0x00000000200000ac                . = ALIGN (0x4)
                0x00000000200000ac                _edata = .

.igot.plt       0x00000000200000ac        0x0 load address 0x0000000008004c50
 .igot.plt      0x00000000200000ac        0x0 d:/program files/stm32cubeide_1.4.0/stm32cubeide/plugins/com.st.stm32cube.ide.mcu.externaltools.gnu-tools-for-stm32.7-2018-q2-update.win32_1.4.0.202007081208/tools/bin/../lib/gcc/arm-none-eabi/7.3.1/thumb/v7-m/crtbegin.o
                0x00000000200000ac                . = ALIGN (0x4)

.bss            0x00000000200000ac      0x58c load address 0x0000000008004c50
                0x00000000200000ac                _sbss = .
                0x00000000200000ac                __bss_start__ = _sbss
 *(.bss)
 .bss           0x00000000200000ac       0x1c d:/program files/stm32cubeide_1.4.0/stm32cubeide/plugins/com.st.stm32cube.ide.mcu.externaltools.gnu-tools-for-stm32.7-2018-q2-update.win32_1.4.0.202007081208/tools/bin/../lib/gcc/arm-none-eabi/7.3.1/thumb/v7-m/crtbegin.o
 *(.bss*)
 .bss.rx_array  0x00000000200000c8        0x9 Bsp/MH-Z19B/bspmh_z19b.o
                0x00000000200000c8                rx_array
 .bss.isStart   0x00000000200000d1        0x1 Core/Src/main.o
                0x00000000200000d1                isStart
 *fill*         0x00000000200000d2        0x2 
 .bss.temperature
                0x00000000200000d4        0x4 Core/Src/main.o
                0x00000000200000d4                temperature
 .bss.dis_buf   0x00000000200000d8      0x400 Core/Src/main.o
                0x00000000200000d8                dis_buf
 .bss.state     0x00000000200004d8        0x1 Core/Src/main.o
                0x00000000200004d8                state
 *fill*         0x00000000200004d9        0x1 
 .bss.co2       0x00000000200004da        0x2 Core/Src/main.o
                0x00000000200004da                co2
 .bss.__sbrk_heap_end
                0x00000000200004dc        0x4 Core/Src/sysmem.o
 .bss.__malloc_free_list
                0x00000000200004e0        0x4 d:/program files/stm32cubeide_1.4.0/stm32cubeide/plugins/com.st.stm32cube.ide.mcu.externaltools.gnu-tools-for-stm32.7-2018-q2-update.win32_1.4.0.202007081208/tools/bin/../lib/gcc/arm-none-eabi/7.3.1/../../../../arm-none-eabi/lib/thumb/v7-m\libc_nano.a(lib_a-nano-mallocr.o)
                0x00000000200004e0                __malloc_free_list
 .bss.__malloc_sbrk_start
                0x00000000200004e4        0x4 d:/program files/stm32cubeide_1.4.0/stm32cubeide/plugins/com.st.stm32cube.ide.mcu.externaltools.gnu-tools-for-stm32.7-2018-q2-update.win32_1.4.0.202007081208/tools/bin/../lib/gcc/arm-none-eabi/7.3.1/../../../../arm-none-eabi/lib/thumb/v7-m\libc_nano.a(lib_a-nano-mallocr.o)
                0x00000000200004e4                __malloc_sbrk_start
 *(COMMON)
 COMMON         0x00000000200004e8       0x40 Core/Src/tim.o
                0x00000000200004e8                htim4
 COMMON         0x0000000020000528      0x108 Core/Src/usart.o
                0x0000000020000528                hdma_usart1_tx
                0x000000002000056c                hdma_usart1_rx
                0x00000000200005b0                huart1
                0x00000000200005f0                huart2
 COMMON         0x0000000020000630        0x4 Drivers/STM32F1xx_HAL_Driver/Src/stm32f1xx_hal.o
                0x0000000020000630                uwTick
 COMMON         0x0000000020000634        0x4 d:/program files/stm32cubeide_1.4.0/stm32cubeide/plugins/com.st.stm32cube.ide.mcu.externaltools.gnu-tools-for-stm32.7-2018-q2-update.win32_1.4.0.202007081208/tools/bin/../lib/gcc/arm-none-eabi/7.3.1/../../../../arm-none-eabi/lib/thumb/v7-m\libc_nano.a(lib_a-reent.o)
                0x0000000020000634                errno
                0x0000000020000638                . = ALIGN (0x4)
                0x0000000020000638                _ebss = .
                0x0000000020000638                __bss_end__ = _ebss

._user_heap_stack
                0x0000000020000638      0x600 load address 0x0000000008004c50
                0x0000000020000638                . = ALIGN (0x8)
                [!provide]                        PROVIDE (end = .)
                0x0000000020000638                PROVIDE (_end = .)
                0x0000000020000838                . = (. + _Min_Heap_Size)
 *fill*         0x0000000020000638      0x200 
                0x0000000020000c38                . = (. + _Min_Stack_Size)
 *fill*         0x0000000020000838      0x400 
                0x0000000020000c38                . = ALIGN (0x8)

/DISCARD/
 libc.a(*)
 libm.a(*)
 libgcc.a(*)

.ARM.attributes
                0x0000000000000000       0x29
 *(.ARM.attributes)
 .ARM.attributes
                0x0000000000000000       0x1d d:/program files/stm32cubeide_1.4.0/stm32cubeide/plugins/com.st.stm32cube.ide.mcu.externaltools.gnu-tools-for-stm32.7-2018-q2-update.win32_1.4.0.202007081208/tools/bin/../lib/gcc/arm-none-eabi/7.3.1/thumb/v7-m/crti.o
 .ARM.attributes
                0x000000000000001d       0x2d d:/program files/stm32cubeide_1.4.0/stm32cubeide/plugins/com.st.stm32cube.ide.mcu.externaltools.gnu-tools-for-stm32.7-2018-q2-update.win32_1.4.0.202007081208/tools/bin/../lib/gcc/arm-none-eabi/7.3.1/thumb/v7-m/crtbegin.o
 .ARM.attributes
                0x000000000000004a       0x33 Bsp/BEEP/bspbeep.o
 .ARM.attributes
                0x000000000000007d       0x33 Bsp/DS18B20/bspds18b20.o
 .ARM.attributes
                0x00000000000000b0       0x33 Bsp/DWTDELAY/bspdelay.o
 .ARM.attributes
                0x00000000000000e3       0x33 Bsp/KEY/bspkey.o
 .ARM.attributes
                0x0000000000000116       0x33 Bsp/LED/bspled.o
 .ARM.attributes
                0x0000000000000149       0x33 Bsp/MH-Z19B/bspmh_z19b.o
 .ARM.attributes
                0x000000000000017c       0x33 Bsp/OLED/bspoled.o
 .ARM.attributes
                0x00000000000001af       0x33 Bsp/SR501/bspsr501.o
 .ARM.attributes
                0x00000000000001e2       0x33 Core/Src/dma.o
 .ARM.attributes
                0x0000000000000215       0x33 Core/Src/gpio.o
 .ARM.attributes
                0x0000000000000248       0x33 Core/Src/main.o
 .ARM.attributes
                0x000000000000027b       0x33 Core/Src/stm32f1xx_hal_msp.o
 .ARM.attributes
                0x00000000000002ae       0x33 Core/Src/stm32f1xx_it.o
 .ARM.attributes
                0x00000000000002e1       0x33 Core/Src/sysmem.o
 .ARM.attributes
                0x0000000000000314       0x33 Core/Src/system_stm32f1xx.o
 .ARM.attributes
                0x0000000000000347       0x33 Core/Src/tim.o
 .ARM.attributes
                0x000000000000037a       0x33 Core/Src/usart.o
 .ARM.attributes
                0x00000000000003ad       0x21 Core/Startup/startup_stm32f103zetx.o
 .ARM.attributes
                0x00000000000003ce       0x33 Drivers/STM32F1xx_HAL_Driver/Src/stm32f1xx_hal.o
 .ARM.attributes
                0x0000000000000401       0x33 Drivers/STM32F1xx_HAL_Driver/Src/stm32f1xx_hal_cortex.o
 .ARM.attributes
                0x0000000000000434       0x33 Drivers/STM32F1xx_HAL_Driver/Src/stm32f1xx_hal_dma.o
 .ARM.attributes
                0x0000000000000467       0x33 Drivers/STM32F1xx_HAL_Driver/Src/stm32f1xx_hal_gpio.o
 .ARM.attributes
                0x000000000000049a       0x33 Drivers/STM32F1xx_HAL_Driver/Src/stm32f1xx_hal_rcc.o
 .ARM.attributes
                0x00000000000004cd       0x33 Drivers/STM32F1xx_HAL_Driver/Src/stm32f1xx_hal_tim.o
 .ARM.attributes
                0x0000000000000500       0x33 Drivers/STM32F1xx_HAL_Driver/Src/stm32f1xx_hal_tim_ex.o
 .ARM.attributes
                0x0000000000000533       0x33 Drivers/STM32F1xx_HAL_Driver/Src/stm32f1xx_hal_uart.o
 .ARM.attributes
                0x0000000000000566       0x2d d:/program files/stm32cubeide_1.4.0/stm32cubeide/plugins/com.st.stm32cube.ide.mcu.externaltools.gnu-tools-for-stm32.7-2018-q2-update.win32_1.4.0.202007081208/tools/bin/../lib/gcc/arm-none-eabi/7.3.1/../../../../arm-none-eabi/lib/thumb/v7-m\libc_nano.a(lib_a-errno.o)
 .ARM.attributes
                0x0000000000000593       0x2d d:/program files/stm32cubeide_1.4.0/stm32cubeide/plugins/com.st.stm32cube.ide.mcu.externaltools.gnu-tools-for-stm32.7-2018-q2-update.win32_1.4.0.202007081208/tools/bin/../lib/gcc/arm-none-eabi/7.3.1/../../../../arm-none-eabi/lib/thumb/v7-m\libc_nano.a(lib_a-impure.o)
 .ARM.attributes
                0x00000000000005c0       0x2d d:/program files/stm32cubeide_1.4.0/stm32cubeide/plugins/com.st.stm32cube.ide.mcu.externaltools.gnu-tools-for-stm32.7-2018-q2-update.win32_1.4.0.202007081208/tools/bin/../lib/gcc/arm-none-eabi/7.3.1/../../../../arm-none-eabi/lib/thumb/v7-m\libc_nano.a(lib_a-init.o)
 .ARM.attributes
                0x00000000000005ed       0x2d d:/program files/stm32cubeide_1.4.0/stm32cubeide/plugins/com.st.stm32cube.ide.mcu.externaltools.gnu-tools-for-stm32.7-2018-q2-update.win32_1.4.0.202007081208/tools/bin/../lib/gcc/arm-none-eabi/7.3.1/../../../../arm-none-eabi/lib/thumb/v7-m\libc_nano.a(lib_a-memset.o)
 .ARM.attributes
                0x000000000000061a       0x2d d:/program files/stm32cubeide_1.4.0/stm32cubeide/plugins/com.st.stm32cube.ide.mcu.externaltools.gnu-tools-for-stm32.7-2018-q2-update.win32_1.4.0.202007081208/tools/bin/../lib/gcc/arm-none-eabi/7.3.1/../../../../arm-none-eabi/lib/thumb/v7-m\libc_nano.a(lib_a-sprintf.o)
 .ARM.attributes
                0x0000000000000647       0x2d d:/program files/stm32cubeide_1.4.0/stm32cubeide/plugins/com.st.stm32cube.ide.mcu.externaltools.gnu-tools-for-stm32.7-2018-q2-update.win32_1.4.0.202007081208/tools/bin/../lib/gcc/arm-none-eabi/7.3.1/../../../../arm-none-eabi/lib/thumb/v7-m\libc_nano.a(lib_a-nano-svfprintf.o)
 .ARM.attributes
                0x0000000000000674       0x2d d:/program files/stm32cubeide_1.4.0/stm32cubeide/plugins/com.st.stm32cube.ide.mcu.externaltools.gnu-tools-for-stm32.7-2018-q2-update.win32_1.4.0.202007081208/tools/bin/../lib/gcc/arm-none-eabi/7.3.1/../../../../arm-none-eabi/lib/thumb/v7-m\libc_nano.a(lib_a-nano-vfprintf_i.o)
 .ARM.attributes
                0x00000000000006a1       0x2d d:/program files/stm32cubeide_1.4.0/stm32cubeide/plugins/com.st.stm32cube.ide.mcu.externaltools.gnu-tools-for-stm32.7-2018-q2-update.win32_1.4.0.202007081208/tools/bin/../lib/gcc/arm-none-eabi/7.3.1/../../../../arm-none-eabi/lib/thumb/v7-m\libc_nano.a(lib_a-memchr-stub.o)
 .ARM.attributes
                0x00000000000006ce       0x2d d:/program files/stm32cubeide_1.4.0/stm32cubeide/plugins/com.st.stm32cube.ide.mcu.externaltools.gnu-tools-for-stm32.7-2018-q2-update.win32_1.4.0.202007081208/tools/bin/../lib/gcc/arm-none-eabi/7.3.1/../../../../arm-none-eabi/lib/thumb/v7-m\libc_nano.a(lib_a-memcpy-stub.o)
 .ARM.attributes
                0x00000000000006fb       0x2d d:/program files/stm32cubeide_1.4.0/stm32cubeide/plugins/com.st.stm32cube.ide.mcu.externaltools.gnu-tools-for-stm32.7-2018-q2-update.win32_1.4.0.202007081208/tools/bin/../lib/gcc/arm-none-eabi/7.3.1/../../../../arm-none-eabi/lib/thumb/v7-m\libc_nano.a(lib_a-memmove.o)
 .ARM.attributes
                0x0000000000000728       0x2d d:/program files/stm32cubeide_1.4.0/stm32cubeide/plugins/com.st.stm32cube.ide.mcu.externaltools.gnu-tools-for-stm32.7-2018-q2-update.win32_1.4.0.202007081208/tools/bin/../lib/gcc/arm-none-eabi/7.3.1/../../../../arm-none-eabi/lib/thumb/v7-m\libc_nano.a(lib_a-nano-freer.o)
 .ARM.attributes
                0x0000000000000755       0x2d d:/program files/stm32cubeide_1.4.0/stm32cubeide/plugins/com.st.stm32cube.ide.mcu.externaltools.gnu-tools-for-stm32.7-2018-q2-update.win32_1.4.0.202007081208/tools/bin/../lib/gcc/arm-none-eabi/7.3.1/../../../../arm-none-eabi/lib/thumb/v7-m\libc_nano.a(lib_a-nano-mallocr.o)
 .ARM.attributes
                0x0000000000000782       0x2d d:/program files/stm32cubeide_1.4.0/stm32cubeide/plugins/com.st.stm32cube.ide.mcu.externaltools.gnu-tools-for-stm32.7-2018-q2-update.win32_1.4.0.202007081208/tools/bin/../lib/gcc/arm-none-eabi/7.3.1/../../../../arm-none-eabi/lib/thumb/v7-m\libc_nano.a(lib_a-nano-reallocr.o)
 .ARM.attributes
                0x00000000000007af       0x2d d:/program files/stm32cubeide_1.4.0/stm32cubeide/plugins/com.st.stm32cube.ide.mcu.externaltools.gnu-tools-for-stm32.7-2018-q2-update.win32_1.4.0.202007081208/tools/bin/../lib/gcc/arm-none-eabi/7.3.1/../../../../arm-none-eabi/lib/thumb/v7-m\libc_nano.a(lib_a-sbrkr.o)
 .ARM.attributes
                0x00000000000007dc       0x2d d:/program files/stm32cubeide_1.4.0/stm32cubeide/plugins/com.st.stm32cube.ide.mcu.externaltools.gnu-tools-for-stm32.7-2018-q2-update.win32_1.4.0.202007081208/tools/bin/../lib/gcc/arm-none-eabi/7.3.1/../../../../arm-none-eabi/lib/thumb/v7-m\libc_nano.a(lib_a-mlock.o)
 .ARM.attributes
                0x0000000000000809       0x2d d:/program files/stm32cubeide_1.4.0/stm32cubeide/plugins/com.st.stm32cube.ide.mcu.externaltools.gnu-tools-for-stm32.7-2018-q2-update.win32_1.4.0.202007081208/tools/bin/../lib/gcc/arm-none-eabi/7.3.1/../../../../arm-none-eabi/lib/thumb/v7-m\libc_nano.a(lib_a-nano-msizer.o)
 .ARM.attributes
                0x0000000000000836       0x2d d:/program files/stm32cubeide_1.4.0/stm32cubeide/plugins/com.st.stm32cube.ide.mcu.externaltools.gnu-tools-for-stm32.7-2018-q2-update.win32_1.4.0.202007081208/tools/bin/../lib/gcc/arm-none-eabi/7.3.1/../../../../arm-none-eabi/lib/thumb/v7-m\libc_nano.a(lib_a-reent.o)
 .ARM.attributes
                0x0000000000000863       0x1d d:/program files/stm32cubeide_1.4.0/stm32cubeide/plugins/com.st.stm32cube.ide.mcu.externaltools.gnu-tools-for-stm32.7-2018-q2-update.win32_1.4.0.202007081208/tools/bin/../lib/gcc/arm-none-eabi/7.3.1/thumb/v7-m\libgcc.a(_arm_cmpsf2.o)
 .ARM.attributes
                0x0000000000000880       0x1d d:/program files/stm32cubeide_1.4.0/stm32cubeide/plugins/com.st.stm32cube.ide.mcu.externaltools.gnu-tools-for-stm32.7-2018-q2-update.win32_1.4.0.202007081208/tools/bin/../lib/gcc/arm-none-eabi/7.3.1/thumb/v7-m/crtn.o
OUTPUT(HFUT.elf elf32-littlearm)

.debug_info     0x0000000000000000     0xe4cc
 .debug_info    0x0000000000000000      0x33c Bsp/BEEP/bspbeep.o
 .debug_info    0x000000000000033c      0x54d Bsp/DS18B20/bspds18b20.o
 .debug_info    0x0000000000000889      0x1e7 Bsp/DWTDELAY/bspdelay.o
 .debug_info    0x0000000000000a70      0x41e Bsp/KEY/bspkey.o
 .debug_info    0x0000000000000e8e      0x47c Bsp/LED/bspled.o
 .debug_info    0x000000000000130a      0xe41 Bsp/MH-Z19B/bspmh_z19b.o
 .debug_info    0x000000000000214b      0x721 Bsp/OLED/bspoled.o
 .debug_info    0x000000000000286c      0x4ac Bsp/SR501/bspsr501.o
 .debug_info    0x0000000000002d18      0x3d3 Core/Src/dma.o
 .debug_info    0x00000000000030eb      0x336 Core/Src/gpio.o
 .debug_info    0x0000000000003421     0x1345 Core/Src/main.o
 .debug_info    0x0000000000004766      0x2cb Core/Src/stm32f1xx_hal_msp.o
 .debug_info    0x0000000000004a31      0x90a Core/Src/stm32f1xx_it.o
 .debug_info    0x000000000000533b      0x985 Core/Src/sysmem.o
 .debug_info    0x0000000000005cc0      0x433 Core/Src/system_stm32f1xx.o
 .debug_info    0x00000000000060f3      0x968 Core/Src/tim.o
 .debug_info    0x0000000000006a5b      0x9d7 Core/Src/usart.o
 .debug_info    0x0000000000007432       0x22 Core/Startup/startup_stm32f103zetx.o
 .debug_info    0x0000000000007454      0x764 Drivers/STM32F1xx_HAL_Driver/Src/stm32f1xx_hal.o
 .debug_info    0x0000000000007bb8      0xbac Drivers/STM32F1xx_HAL_Driver/Src/stm32f1xx_hal_cortex.o
 .debug_info    0x0000000000008764      0x7a6 Drivers/STM32F1xx_HAL_Driver/Src/stm32f1xx_hal_dma.o
 .debug_info    0x0000000000008f0a      0x681 Drivers/STM32F1xx_HAL_Driver/Src/stm32f1xx_hal_gpio.o
 .debug_info    0x000000000000958b      0x804 Drivers/STM32F1xx_HAL_Driver/Src/stm32f1xx_hal_rcc.o
 .debug_info    0x0000000000009d8f     0x2456 Drivers/STM32F1xx_HAL_Driver/Src/stm32f1xx_hal_tim.o
 .debug_info    0x000000000000c1e5     0x1104 Drivers/STM32F1xx_HAL_Driver/Src/stm32f1xx_hal_tim_ex.o
 .debug_info    0x000000000000d2e9     0x11e3 Drivers/STM32F1xx_HAL_Driver/Src/stm32f1xx_hal_uart.o

.debug_abbrev   0x0000000000000000     0x2b01
 .debug_abbrev  0x0000000000000000      0x13d Bsp/BEEP/bspbeep.o
 .debug_abbrev  0x000000000000013d      0x1eb Bsp/DS18B20/bspds18b20.o
 .debug_abbrev  0x0000000000000328      0x100 Bsp/DWTDELAY/bspdelay.o
 .debug_abbrev  0x0000000000000428      0x18f Bsp/KEY/bspkey.o
 .debug_abbrev  0x00000000000005b7      0x18d Bsp/LED/bspled.o
 .debug_abbrev  0x0000000000000744      0x1fc Bsp/MH-Z19B/bspmh_z19b.o
 .debug_abbrev  0x0000000000000940      0x204 Bsp/OLED/bspoled.o
 .debug_abbrev  0x0000000000000b44      0x130 Bsp/SR501/bspsr501.o
 .debug_abbrev  0x0000000000000c74      0x107 Core/Src/dma.o
 .debug_abbrev  0x0000000000000d7b      0x134 Core/Src/gpio.o
 .debug_abbrev  0x0000000000000eaf      0x26c Core/Src/main.o
 .debug_abbrev  0x000000000000111b      0x109 Core/Src/stm32f1xx_hal_msp.o
 .debug_abbrev  0x0000000000001224      0x172 Core/Src/stm32f1xx_it.o
 .debug_abbrev  0x0000000000001396      0x19b Core/Src/sysmem.o
 .debug_abbrev  0x0000000000001531      0x134 Core/Src/system_stm32f1xx.o
 .debug_abbrev  0x0000000000001665      0x199 Core/Src/tim.o
 .debug_abbrev  0x00000000000017fe      0x1b3 Core/Src/usart.o
 .debug_abbrev  0x00000000000019b1       0x12 Core/Startup/startup_stm32f103zetx.o
 .debug_abbrev  0x00000000000019c3      0x1d8 Drivers/STM32F1xx_HAL_Driver/Src/stm32f1xx_hal.o
 .debug_abbrev  0x0000000000001b9b      0x2d5 Drivers/STM32F1xx_HAL_Driver/Src/stm32f1xx_hal_cortex.o
 .debug_abbrev  0x0000000000001e70      0x1fe Drivers/STM32F1xx_HAL_Driver/Src/stm32f1xx_hal_dma.o
 .debug_abbrev  0x000000000000206e      0x1c0 Drivers/STM32F1xx_HAL_Driver/Src/stm32f1xx_hal_gpio.o
 .debug_abbrev  0x000000000000222e      0x243 Drivers/STM32F1xx_HAL_Driver/Src/stm32f1xx_hal_rcc.o
 .debug_abbrev  0x0000000000002471      0x230 Drivers/STM32F1xx_HAL_Driver/Src/stm32f1xx_hal_tim.o
 .debug_abbrev  0x00000000000026a1      0x21e Drivers/STM32F1xx_HAL_Driver/Src/stm32f1xx_hal_tim_ex.o
 .debug_abbrev  0x00000000000028bf      0x242 Drivers/STM32F1xx_HAL_Driver/Src/stm32f1xx_hal_uart.o

.debug_aranges  0x0000000000000000      0xe08
 .debug_aranges
                0x0000000000000000       0x30 Bsp/BEEP/bspbeep.o
 .debug_aranges
                0x0000000000000030       0x70 Bsp/DS18B20/bspds18b20.o
 .debug_aranges
                0x00000000000000a0       0x30 Bsp/DWTDELAY/bspdelay.o
 .debug_aranges
                0x00000000000000d0       0x30 Bsp/KEY/bspkey.o
 .debug_aranges
                0x0000000000000100       0x40 Bsp/LED/bspled.o
 .debug_aranges
                0x0000000000000140       0x28 Bsp/MH-Z19B/bspmh_z19b.o
 .debug_aranges
                0x0000000000000168       0x70 Bsp/OLED/bspoled.o
 .debug_aranges
                0x00000000000001d8       0x20 Bsp/SR501/bspsr501.o
 .debug_aranges
                0x00000000000001f8       0x20 Core/Src/dma.o
 .debug_aranges
                0x0000000000000218       0x20 Core/Src/gpio.o
 .debug_aranges
                0x0000000000000238       0x40 Core/Src/main.o
 .debug_aranges
                0x0000000000000278       0x20 Core/Src/stm32f1xx_hal_msp.o
 .debug_aranges
                0x0000000000000298       0x88 Core/Src/stm32f1xx_it.o
 .debug_aranges
                0x0000000000000320       0x20 Core/Src/sysmem.o
 .debug_aranges
                0x0000000000000340       0x28 Core/Src/system_stm32f1xx.o
 .debug_aranges
                0x0000000000000368       0x30 Core/Src/tim.o
 .debug_aranges
                0x0000000000000398       0x38 Core/Src/usart.o
 .debug_aranges
                0x00000000000003d0       0x28 Core/Startup/startup_stm32f103zetx.o
 .debug_aranges
                0x00000000000003f8       0xe0 Drivers/STM32F1xx_HAL_Driver/Src/stm32f1xx_hal.o
 .debug_aranges
                0x00000000000004d8      0x100 Drivers/STM32F1xx_HAL_Driver/Src/stm32f1xx_hal_cortex.o
 .debug_aranges
                0x00000000000005d8       0x80 Drivers/STM32F1xx_HAL_Driver/Src/stm32f1xx_hal_dma.o
 .debug_aranges
                0x0000000000000658       0x58 Drivers/STM32F1xx_HAL_Driver/Src/stm32f1xx_hal_gpio.o
 .debug_aranges
                0x00000000000006b0       0x90 Drivers/STM32F1xx_HAL_Driver/Src/stm32f1xx_hal_rcc.o
 .debug_aranges
                0x0000000000000740      0x3a8 Drivers/STM32F1xx_HAL_Driver/Src/stm32f1xx_hal_tim.o
 .debug_aranges
                0x0000000000000ae8      0x150 Drivers/STM32F1xx_HAL_Driver/Src/stm32f1xx_hal_tim_ex.o
 .debug_aranges
                0x0000000000000c38      0x1d0 Drivers/STM32F1xx_HAL_Driver/Src/stm32f1xx_hal_uart.o

.debug_ranges   0x0000000000000000      0xc70
 .debug_ranges  0x0000000000000000       0x20 Bsp/BEEP/bspbeep.o
 .debug_ranges  0x0000000000000020       0x60 Bsp/DS18B20/bspds18b20.o
 .debug_ranges  0x0000000000000080       0x20 Bsp/DWTDELAY/bspdelay.o
 .debug_ranges  0x00000000000000a0       0x20 Bsp/KEY/bspkey.o
 .debug_ranges  0x00000000000000c0       0x30 Bsp/LED/bspled.o
 .debug_ranges  0x00000000000000f0       0x18 Bsp/MH-Z19B/bspmh_z19b.o
 .debug_ranges  0x0000000000000108       0x60 Bsp/OLED/bspoled.o
 .debug_ranges  0x0000000000000168       0x10 Bsp/SR501/bspsr501.o
 .debug_ranges  0x0000000000000178       0x10 Core/Src/dma.o
 .debug_ranges  0x0000000000000188       0x10 Core/Src/gpio.o
 .debug_ranges  0x0000000000000198       0x30 Core/Src/main.o
 .debug_ranges  0x00000000000001c8       0x10 Core/Src/stm32f1xx_hal_msp.o
 .debug_ranges  0x00000000000001d8       0x78 Core/Src/stm32f1xx_it.o
 .debug_ranges  0x0000000000000250       0x10 Core/Src/sysmem.o
 .debug_ranges  0x0000000000000260       0x18 Core/Src/system_stm32f1xx.o
 .debug_ranges  0x0000000000000278       0x20 Core/Src/tim.o
 .debug_ranges  0x0000000000000298       0x28 Core/Src/usart.o
 .debug_ranges  0x00000000000002c0       0x20 Core/Startup/startup_stm32f103zetx.o
 .debug_ranges  0x00000000000002e0       0xd0 Drivers/STM32F1xx_HAL_Driver/Src/stm32f1xx_hal.o
 .debug_ranges  0x00000000000003b0       0xf0 Drivers/STM32F1xx_HAL_Driver/Src/stm32f1xx_hal_cortex.o
 .debug_ranges  0x00000000000004a0       0x70 Drivers/STM32F1xx_HAL_Driver/Src/stm32f1xx_hal_dma.o
 .debug_ranges  0x0000000000000510       0x48 Drivers/STM32F1xx_HAL_Driver/Src/stm32f1xx_hal_gpio.o
 .debug_ranges  0x0000000000000558       0x80 Drivers/STM32F1xx_HAL_Driver/Src/stm32f1xx_hal_rcc.o
 .debug_ranges  0x00000000000005d8      0x398 Drivers/STM32F1xx_HAL_Driver/Src/stm32f1xx_hal_tim.o
 .debug_ranges  0x0000000000000970      0x140 Drivers/STM32F1xx_HAL_Driver/Src/stm32f1xx_hal_tim_ex.o
 .debug_ranges  0x0000000000000ab0      0x1c0 Drivers/STM32F1xx_HAL_Driver/Src/stm32f1xx_hal_uart.o

.debug_macro    0x0000000000000000    0x17da1
 .debug_macro   0x0000000000000000      0x1cb Bsp/BEEP/bspbeep.o
 .debug_macro   0x00000000000001cb      0xa5a Bsp/BEEP/bspbeep.o
 .debug_macro   0x0000000000000c25      0x221 Bsp/BEEP/bspbeep.o
 .debug_macro   0x0000000000000e46       0x2e Bsp/BEEP/bspbeep.o
 .debug_macro   0x0000000000000e74       0x22 Bsp/BEEP/bspbeep.o
 .debug_macro   0x0000000000000e96       0x22 Bsp/BEEP/bspbeep.o
 .debug_macro   0x0000000000000eb8       0x8e Bsp/BEEP/bspbeep.o
 .debug_macro   0x0000000000000f46       0x51 Bsp/BEEP/bspbeep.o
 .debug_macro   0x0000000000000f97       0xef Bsp/BEEP/bspbeep.o
 .debug_macro   0x0000000000001086       0x6a Bsp/BEEP/bspbeep.o
 .debug_macro   0x00000000000010f0      0x1df Bsp/BEEP/bspbeep.o
 .debug_macro   0x00000000000012cf       0x1c Bsp/BEEP/bspbeep.o
 .debug_macro   0x00000000000012eb       0x22 Bsp/BEEP/bspbeep.o
 .debug_macro   0x000000000000130d       0xc3 Bsp/BEEP/bspbeep.o
 .debug_macro   0x00000000000013d0      0xd23 Bsp/BEEP/bspbeep.o
 .debug_macro   0x00000000000020f3     0xfd8c Bsp/BEEP/bspbeep.o
 .debug_macro   0x0000000000011e7f       0x43 Bsp/BEEP/bspbeep.o
 .debug_macro   0x0000000000011ec2      0x174 Bsp/BEEP/bspbeep.o
 .debug_macro   0x0000000000012036       0x5a Bsp/BEEP/bspbeep.o
 .debug_macro   0x0000000000012090      0x5be Bsp/BEEP/bspbeep.o
 .debug_macro   0x000000000001264e      0x4d5 Bsp/BEEP/bspbeep.o
 .debug_macro   0x0000000000012b23      0x1cb Bsp/BEEP/bspbeep.o
 .debug_macro   0x0000000000012cee      0x114 Bsp/BEEP/bspbeep.o
 .debug_macro   0x0000000000012e02      0x1ea Bsp/BEEP/bspbeep.o
 .debug_macro   0x0000000000012fec       0x27 Bsp/BEEP/bspbeep.o
 .debug_macro   0x0000000000013013      0x144 Bsp/BEEP/bspbeep.o
 .debug_macro   0x0000000000013157      0x1bc Bsp/BEEP/bspbeep.o
 .debug_macro   0x0000000000013313       0x30 Bsp/BEEP/bspbeep.o
 .debug_macro   0x0000000000013343       0x3c Bsp/BEEP/bspbeep.o
 .debug_macro   0x000000000001337f       0x57 Bsp/BEEP/bspbeep.o
 .debug_macro   0x00000000000133d6       0x88 Bsp/BEEP/bspbeep.o
 .debug_macro   0x000000000001345e      0x24f Bsp/BEEP/bspbeep.o
 .debug_macro   0x00000000000136ad      0x141 Bsp/BEEP/bspbeep.o
 .debug_macro   0x00000000000137ee      0x88b Bsp/BEEP/bspbeep.o
 .debug_macro   0x0000000000014079      0x26b Bsp/BEEP/bspbeep.o
 .debug_macro   0x00000000000142e4       0xb5 Bsp/BEEP/bspbeep.o
 .debug_macro   0x0000000000014399       0x10 Bsp/BEEP/bspbeep.o
 .debug_macro   0x00000000000143a9      0x1d4 Bsp/DS18B20/bspds18b20.o
 .debug_macro   0x000000000001457d      0x1c7 Bsp/DWTDELAY/bspdelay.o
 .debug_macro   0x0000000000014744       0x3a Bsp/DWTDELAY/bspdelay.o
 .debug_macro   0x000000000001477e      0x1fd Bsp/KEY/bspkey.o
 .debug_macro   0x000000000001497b       0x10 Bsp/KEY/bspkey.o
 .debug_macro   0x000000000001498b      0x1f8 Bsp/LED/bspled.o
 .debug_macro   0x0000000000014b83      0x28f Bsp/MH-Z19B/bspmh_z19b.o
 .debug_macro   0x0000000000014e12       0x22 Bsp/MH-Z19B/bspmh_z19b.o
 .debug_macro   0x0000000000014e34       0x46 Bsp/MH-Z19B/bspmh_z19b.o
 .debug_macro   0x0000000000014e7a       0x18 Bsp/MH-Z19B/bspmh_z19b.o
 .debug_macro   0x0000000000014e92       0x3c Bsp/MH-Z19B/bspmh_z19b.o
 .debug_macro   0x0000000000014ece       0x34 Bsp/MH-Z19B/bspmh_z19b.o
 .debug_macro   0x0000000000014f02       0x52 Bsp/MH-Z19B/bspmh_z19b.o
 .debug_macro   0x0000000000014f54       0x1f Bsp/MH-Z19B/bspmh_z19b.o
 .debug_macro   0x0000000000014f73       0x43 Bsp/MH-Z19B/bspmh_z19b.o
 .debug_macro   0x0000000000014fb6       0x20 Bsp/MH-Z19B/bspmh_z19b.o
 .debug_macro   0x0000000000014fd6      0x1a3 Bsp/MH-Z19B/bspmh_z19b.o
 .debug_macro   0x0000000000015179      0x32a Bsp/MH-Z19B/bspmh_z19b.o
 .debug_macro   0x00000000000154a3       0x10 Bsp/MH-Z19B/bspmh_z19b.o
 .debug_macro   0x00000000000154b3       0x35 Bsp/MH-Z19B/bspmh_z19b.o
 .debug_macro   0x00000000000154e8       0x20 Bsp/MH-Z19B/bspmh_z19b.o
 .debug_macro   0x0000000000015508       0x16 Bsp/MH-Z19B/bspmh_z19b.o
 .debug_macro   0x000000000001551e      0x26b Bsp/OLED/bspoled.o
 .debug_macro   0x0000000000015789       0x40 Bsp/OLED/bspoled.o
 .debug_macro   0x00000000000157c9      0x1bc Bsp/SR501/bspsr501.o
 .debug_macro   0x0000000000015985      0x1b3 Core/Src/dma.o
 .debug_macro   0x0000000000015b38       0x10 Core/Src/dma.o
 .debug_macro   0x0000000000015b48      0x1b3 Core/Src/gpio.o
 .debug_macro   0x0000000000015cfb      0x3bd Core/Src/main.o
 .debug_macro   0x00000000000160b8       0x16 Core/Src/main.o
 .debug_macro   0x00000000000160ce       0x16 Core/Src/main.o
 .debug_macro   0x00000000000160e4       0x10 Core/Src/main.o
 .debug_macro   0x00000000000160f4       0x10 Core/Src/main.o
 .debug_macro   0x0000000000016104       0x1c Core/Src/main.o
 .debug_macro   0x0000000000016120       0x52 Core/Src/main.o
 .debug_macro   0x0000000000016172       0x40 Core/Src/main.o
 .debug_macro   0x00000000000161b2       0x10 Core/Src/main.o
 .debug_macro   0x00000000000161c2       0x40 Core/Src/main.o
 .debug_macro   0x0000000000016202       0xd7 Core/Src/main.o
 .debug_macro   0x00000000000162d9       0x1c Core/Src/main.o
 .debug_macro   0x00000000000162f5       0x3d Core/Src/main.o
 .debug_macro   0x0000000000016332       0x16 Core/Src/main.o
 .debug_macro   0x0000000000016348      0x145 Core/Src/main.o
 .debug_macro   0x000000000001648d       0x16 Core/Src/main.o
 .debug_macro   0x00000000000164a3      0x1a9 Core/Src/stm32f1xx_hal_msp.o
 .debug_macro   0x000000000001664c      0x1b3 Core/Src/stm32f1xx_it.o
 .debug_macro   0x00000000000167ff       0xee Core/Src/sysmem.o
 .debug_macro   0x00000000000168ed      0x23b Core/Src/sysmem.o
 .debug_macro   0x0000000000016b28      0x1a0 Core/Src/system_stm32f1xx.o
 .debug_macro   0x0000000000016cc8      0x1b3 Core/Src/tim.o
 .debug_macro   0x0000000000016e7b      0x1b3 Core/Src/usart.o
 .debug_macro   0x000000000001702e      0x1be Drivers/STM32F1xx_HAL_Driver/Src/stm32f1xx_hal.o
 .debug_macro   0x00000000000171ec      0x19a Drivers/STM32F1xx_HAL_Driver/Src/stm32f1xx_hal_cortex.o
 .debug_macro   0x0000000000017386      0x19a Drivers/STM32F1xx_HAL_Driver/Src/stm32f1xx_hal_dma.o
 .debug_macro   0x0000000000017520      0x205 Drivers/STM32F1xx_HAL_Driver/Src/stm32f1xx_hal_gpio.o
 .debug_macro   0x0000000000017725      0x1ac Drivers/STM32F1xx_HAL_Driver/Src/stm32f1xx_hal_rcc.o
 .debug_macro   0x00000000000178d1      0x19b Drivers/STM32F1xx_HAL_Driver/Src/stm32f1xx_hal_tim.o
 .debug_macro   0x0000000000017a6c      0x19a Drivers/STM32F1xx_HAL_Driver/Src/stm32f1xx_hal_tim_ex.o
 .debug_macro   0x0000000000017c06      0x19b Drivers/STM32F1xx_HAL_Driver/Src/stm32f1xx_hal_uart.o

.debug_line     0x0000000000000000     0xdc82
 .debug_line    0x0000000000000000      0x6a6 Bsp/BEEP/bspbeep.o
 .debug_line    0x00000000000006a6      0x7a2 Bsp/DS18B20/bspds18b20.o
 .debug_line    0x0000000000000e48      0x6a9 Bsp/DWTDELAY/bspdelay.o
 .debug_line    0x00000000000014f1      0x6c3 Bsp/KEY/bspkey.o
 .debug_line    0x0000000000001bb4      0x6e0 Bsp/LED/bspled.o
 .debug_line    0x0000000000002294      0x845 Bsp/MH-Z19B/bspmh_z19b.o
 .debug_line    0x0000000000002ad9      0x890 Bsp/OLED/bspoled.o
 .debug_line    0x0000000000003369      0x68f Bsp/SR501/bspsr501.o
 .debug_line    0x00000000000039f8      0x647 Core/Src/dma.o
 .debug_line    0x000000000000403f      0x651 Core/Src/gpio.o
 .debug_line    0x0000000000004690      0x9bf Core/Src/main.o
 .debug_line    0x000000000000504f      0x64b Core/Src/stm32f1xx_hal_msp.o
 .debug_line    0x000000000000569a      0x74a Core/Src/stm32f1xx_it.o
 .debug_line    0x0000000000005de4      0x4e0 Core/Src/sysmem.o
 .debug_line    0x00000000000062c4      0x67b Core/Src/system_stm32f1xx.o
 .debug_line    0x000000000000693f      0x67b Core/Src/tim.o
 .debug_line    0x0000000000006fba      0x6e6 Core/Src/usart.o
 .debug_line    0x00000000000076a0       0x84 Core/Startup/startup_stm32f103zetx.o
 .debug_line    0x0000000000007724      0x823 Drivers/STM32F1xx_HAL_Driver/Src/stm32f1xx_hal.o
 .debug_line    0x0000000000007f47      0x8fc Drivers/STM32F1xx_HAL_Driver/Src/stm32f1xx_hal_cortex.o
 .debug_line    0x0000000000008843      0xf0c Drivers/STM32F1xx_HAL_Driver/Src/stm32f1xx_hal_dma.o
 .debug_line    0x000000000000974f      0x84b Drivers/STM32F1xx_HAL_Driver/Src/stm32f1xx_hal_gpio.o
 .debug_line    0x0000000000009f9a      0x8e5 Drivers/STM32F1xx_HAL_Driver/Src/stm32f1xx_hal_rcc.o
 .debug_line    0x000000000000a87f     0x189f Drivers/STM32F1xx_HAL_Driver/Src/stm32f1xx_hal_tim.o
 .debug_line    0x000000000000c11e      0xc36 Drivers/STM32F1xx_HAL_Driver/Src/stm32f1xx_hal_tim_ex.o
 .debug_line    0x000000000000cd54      0xf2e Drivers/STM32F1xx_HAL_Driver/Src/stm32f1xx_hal_uart.o

.debug_str      0x0000000000000000    0x815d8
 .debug_str     0x0000000000000000    0x78a69 Bsp/BEEP/bspbeep.o
                                      0x78de9 (size before relaxing)
 .debug_str     0x0000000000078a69      0x2b6 Bsp/DS18B20/bspds18b20.o
                                      0x78f40 (size before relaxing)
 .debug_str     0x0000000000078d1f      0x203 Bsp/DWTDELAY/bspdelay.o
                                      0x78de3 (size before relaxing)
 .debug_str     0x0000000000078f22      0x2b4 Bsp/KEY/bspkey.o
                                      0x78f2c (size before relaxing)
 .debug_str     0x00000000000791d6      0x29d Bsp/LED/bspled.o
                                      0x78f49 (size before relaxing)
 .debug_str     0x0000000000079473     0x337f Bsp/MH-Z19B/bspmh_z19b.o
                                      0x7bffe (size before relaxing)
 .debug_str     0x000000000007c7f2      0x5ae Bsp/OLED/bspoled.o
                                      0x7934d (size before relaxing)
 .debug_str     0x000000000007cda0      0x3a5 Bsp/SR501/bspsr501.o
                                      0x790dd (size before relaxing)
 .debug_str     0x000000000007d145       0x27 Core/Src/dma.o
                                      0x7902d (size before relaxing)
 .debug_str     0x000000000007d16c       0x20 Core/Src/gpio.o
                                      0x78cef (size before relaxing)
 .debug_str     0x000000000007d18c     0x159b Core/Src/main.o
                                      0x7d605 (size before relaxing)
 .debug_str     0x000000000007e727       0x5a Core/Src/stm32f1xx_hal_msp.o
                                      0x78ca7 (size before relaxing)
 .debug_str     0x000000000007e781      0x142 Core/Src/stm32f1xx_it.o
                                      0x792cc (size before relaxing)
 .debug_str     0x000000000007e8c3      0x4e9 Core/Src/sysmem.o
                                       0x5f2b (size before relaxing)
 .debug_str     0x000000000007edac       0xc2 Core/Src/system_stm32f1xx.o
                                      0x78cdd (size before relaxing)
 .debug_str     0x000000000007ee6e       0xf7 Core/Src/tim.o
                                      0x794f0 (size before relaxing)
 .debug_str     0x000000000007ef65       0x6b Core/Src/usart.o
                                      0x794ac (size before relaxing)
 .debug_str     0x000000000007efd0       0x36 Core/Startup/startup_stm32f103zetx.o
                                         0x5b (size before relaxing)
 .debug_str     0x000000000007f006      0x3c5 Drivers/STM32F1xx_HAL_Driver/Src/stm32f1xx_hal.o
                                      0x793d2 (size before relaxing)
 .debug_str     0x000000000007f3cb      0x2c2 Drivers/STM32F1xx_HAL_Driver/Src/stm32f1xx_hal_cortex.o
                                      0x793e0 (size before relaxing)
 .debug_str     0x000000000007f68d      0x23f Drivers/STM32F1xx_HAL_Driver/Src/stm32f1xx_hal_dma.o
                                      0x7903e (size before relaxing)
 .debug_str     0x000000000007f8cc      0x2ff Drivers/STM32F1xx_HAL_Driver/Src/stm32f1xx_hal_gpio.o
                                      0x79027 (size before relaxing)
 .debug_str     0x000000000007fbcb      0x263 Drivers/STM32F1xx_HAL_Driver/Src/stm32f1xx_hal_rcc.o
                                      0x79060 (size before relaxing)
 .debug_str     0x000000000007fe2e      0xd5f Drivers/STM32F1xx_HAL_Driver/Src/stm32f1xx_hal_tim.o
                                      0x79e2b (size before relaxing)
 .debug_str     0x0000000000080b8d      0x52f Drivers/STM32F1xx_HAL_Driver/Src/stm32f1xx_hal_tim_ex.o
                                      0x7962b (size before relaxing)
 .debug_str     0x00000000000810bc      0x51c Drivers/STM32F1xx_HAL_Driver/Src/stm32f1xx_hal_uart.o
                                      0x7954f (size before relaxing)

.comment        0x0000000000000000       0x7b
 .comment       0x0000000000000000       0x7b Bsp/BEEP/bspbeep.o
                                         0x7c (size before relaxing)
 .comment       0x000000000000007b       0x7c Bsp/DS18B20/bspds18b20.o
 .comment       0x000000000000007b       0x7c Bsp/DWTDELAY/bspdelay.o
 .comment       0x000000000000007b       0x7c Bsp/KEY/bspkey.o
 .comment       0x000000000000007b       0x7c Bsp/LED/bspled.o
 .comment       0x000000000000007b       0x7c Bsp/MH-Z19B/bspmh_z19b.o
 .comment       0x000000000000007b       0x7c Bsp/OLED/bspoled.o
 .comment       0x000000000000007b       0x7c Bsp/SR501/bspsr501.o
 .comment       0x000000000000007b       0x7c Core/Src/dma.o
 .comment       0x000000000000007b       0x7c Core/Src/gpio.o
 .comment       0x000000000000007b       0x7c Core/Src/main.o
 .comment       0x000000000000007b       0x7c Core/Src/stm32f1xx_hal_msp.o
 .comment       0x000000000000007b       0x7c Core/Src/stm32f1xx_it.o
 .comment       0x000000000000007b       0x7c Core/Src/sysmem.o
 .comment       0x000000000000007b       0x7c Core/Src/system_stm32f1xx.o
 .comment       0x000000000000007b       0x7c Core/Src/tim.o
 .comment       0x000000000000007b       0x7c Core/Src/usart.o
 .comment       0x000000000000007b       0x7c Drivers/STM32F1xx_HAL_Driver/Src/stm32f1xx_hal.o
 .comment       0x000000000000007b       0x7c Drivers/STM32F1xx_HAL_Driver/Src/stm32f1xx_hal_cortex.o
 .comment       0x000000000000007b       0x7c Drivers/STM32F1xx_HAL_Driver/Src/stm32f1xx_hal_dma.o
 .comment       0x000000000000007b       0x7c Drivers/STM32F1xx_HAL_Driver/Src/stm32f1xx_hal_gpio.o
 .comment       0x000000000000007b       0x7c Drivers/STM32F1xx_HAL_Driver/Src/stm32f1xx_hal_rcc.o
 .comment       0x000000000000007b       0x7c Drivers/STM32F1xx_HAL_Driver/Src/stm32f1xx_hal_tim.o
 .comment       0x000000000000007b       0x7c Drivers/STM32F1xx_HAL_Driver/Src/stm32f1xx_hal_tim_ex.o
 .comment       0x000000000000007b       0x7c Drivers/STM32F1xx_HAL_Driver/Src/stm32f1xx_hal_uart.o

.debug_frame    0x0000000000000000     0x3a78
 .debug_frame   0x0000000000000000       0x6c Bsp/BEEP/bspbeep.o
 .debug_frame   0x000000000000006c      0x188 Bsp/DS18B20/bspds18b20.o
 .debug_frame   0x00000000000001f4       0x74 Bsp/DWTDELAY/bspdelay.o
 .debug_frame   0x0000000000000268       0x74 Bsp/KEY/bspkey.o
 .debug_frame   0x00000000000002dc       0xbc Bsp/LED/bspled.o
 .debug_frame   0x0000000000000398       0x5c Bsp/MH-Z19B/bspmh_z19b.o
 .debug_frame   0x00000000000003f4      0x190 Bsp/OLED/bspoled.o
 .debug_frame   0x0000000000000584       0x34 Bsp/SR501/bspsr501.o
 .debug_frame   0x00000000000005b8       0x34 Core/Src/dma.o
 .debug_frame   0x00000000000005ec       0x34 Core/Src/gpio.o
 .debug_frame   0x0000000000000620       0xbc Core/Src/main.o
 .debug_frame   0x00000000000006dc       0x38 Core/Src/stm32f1xx_hal_msp.o
 .debug_frame   0x0000000000000714      0x198 Core/Src/stm32f1xx_it.o
 .debug_frame   0x00000000000008ac       0x34 Core/Src/sysmem.o
 .debug_frame   0x00000000000008e0       0x58 Core/Src/system_stm32f1xx.o
 .debug_frame   0x0000000000000938       0x7c Core/Src/tim.o
 .debug_frame   0x00000000000009b4       0x90 Core/Src/usart.o
 .debug_frame   0x0000000000000a44      0x334 Drivers/STM32F1xx_HAL_Driver/Src/stm32f1xx_hal.o
 .debug_frame   0x0000000000000d78      0x428 Drivers/STM32F1xx_HAL_Driver/Src/stm32f1xx_hal_cortex.o
 .debug_frame   0x00000000000011a0      0x20c Drivers/STM32F1xx_HAL_Driver/Src/stm32f1xx_hal_dma.o
 .debug_frame   0x00000000000013ac      0x14c Drivers/STM32F1xx_HAL_Driver/Src/stm32f1xx_hal_gpio.o
 .debug_frame   0x00000000000014f8      0x21c Drivers/STM32F1xx_HAL_Driver/Src/stm32f1xx_hal_rcc.o
 .debug_frame   0x0000000000001714     0x10f0 Drivers/STM32F1xx_HAL_Driver/Src/stm32f1xx_hal_tim.o
 .debug_frame   0x0000000000002804      0x5c0 Drivers/STM32F1xx_HAL_Driver/Src/stm32f1xx_hal_tim_ex.o
 .debug_frame   0x0000000000002dc4      0x834 Drivers/STM32F1xx_HAL_Driver/Src/stm32f1xx_hal_uart.o
 .debug_frame   0x00000000000035f8       0x20 d:/program files/stm32cubeide_1.4.0/stm32cubeide/plugins/com.st.stm32cube.ide.mcu.externaltools.gnu-tools-for-stm32.7-2018-q2-update.win32_1.4.0.202007081208/tools/bin/../lib/gcc/arm-none-eabi/7.3.1/../../../../arm-none-eabi/lib/thumb/v7-m\libc_nano.a(lib_a-errno.o)
 .debug_frame   0x0000000000003618       0x2c d:/program files/stm32cubeide_1.4.0/stm32cubeide/plugins/com.st.stm32cube.ide.mcu.externaltools.gnu-tools-for-stm32.7-2018-q2-update.win32_1.4.0.202007081208/tools/bin/../lib/gcc/arm-none-eabi/7.3.1/../../../../arm-none-eabi/lib/thumb/v7-m\libc_nano.a(lib_a-init.o)
 .debug_frame   0x0000000000003644       0x20 d:/program files/stm32cubeide_1.4.0/stm32cubeide/plugins/com.st.stm32cube.ide.mcu.externaltools.gnu-tools-for-stm32.7-2018-q2-update.win32_1.4.0.202007081208/tools/bin/../lib/gcc/arm-none-eabi/7.3.1/../../../../arm-none-eabi/lib/thumb/v7-m\libc_nano.a(lib_a-memset.o)
 .debug_frame   0x0000000000003664       0x6c d:/program files/stm32cubeide_1.4.0/stm32cubeide/plugins/com.st.stm32cube.ide.mcu.externaltools.gnu-tools-for-stm32.7-2018-q2-update.win32_1.4.0.202007081208/tools/bin/../lib/gcc/arm-none-eabi/7.3.1/../../../../arm-none-eabi/lib/thumb/v7-m\libc_nano.a(lib_a-sprintf.o)
 .debug_frame   0x00000000000036d0       0x90 d:/program files/stm32cubeide_1.4.0/stm32cubeide/plugins/com.st.stm32cube.ide.mcu.externaltools.gnu-tools-for-stm32.7-2018-q2-update.win32_1.4.0.202007081208/tools/bin/../lib/gcc/arm-none-eabi/7.3.1/../../../../arm-none-eabi/lib/thumb/v7-m\libc_nano.a(lib_a-nano-svfprintf.o)
 .debug_frame   0x0000000000003760       0x60 d:/program files/stm32cubeide_1.4.0/stm32cubeide/plugins/com.st.stm32cube.ide.mcu.externaltools.gnu-tools-for-stm32.7-2018-q2-update.win32_1.4.0.202007081208/tools/bin/../lib/gcc/arm-none-eabi/7.3.1/../../../../arm-none-eabi/lib/thumb/v7-m\libc_nano.a(lib_a-nano-vfprintf_i.o)
 .debug_frame   0x00000000000037c0       0x28 d:/program files/stm32cubeide_1.4.0/stm32cubeide/plugins/com.st.stm32cube.ide.mcu.externaltools.gnu-tools-for-stm32.7-2018-q2-update.win32_1.4.0.202007081208/tools/bin/../lib/gcc/arm-none-eabi/7.3.1/../../../../arm-none-eabi/lib/thumb/v7-m\libc_nano.a(lib_a-memchr-stub.o)
 .debug_frame   0x00000000000037e8       0x28 d:/program files/stm32cubeide_1.4.0/stm32cubeide/plugins/com.st.stm32cube.ide.mcu.externaltools.gnu-tools-for-stm32.7-2018-q2-update.win32_1.4.0.202007081208/tools/bin/../lib/gcc/arm-none-eabi/7.3.1/../../../../arm-none-eabi/lib/thumb/v7-m\libc_nano.a(lib_a-memcpy-stub.o)
 .debug_frame   0x0000000000003810       0x28 d:/program files/stm32cubeide_1.4.0/stm32cubeide/plugins/com.st.stm32cube.ide.mcu.externaltools.gnu-tools-for-stm32.7-2018-q2-update.win32_1.4.0.202007081208/tools/bin/../lib/gcc/arm-none-eabi/7.3.1/../../../../arm-none-eabi/lib/thumb/v7-m\libc_nano.a(lib_a-memmove.o)
 .debug_frame   0x0000000000003838       0x38 d:/program files/stm32cubeide_1.4.0/stm32cubeide/plugins/com.st.stm32cube.ide.mcu.externaltools.gnu-tools-for-stm32.7-2018-q2-update.win32_1.4.0.202007081208/tools/bin/../lib/gcc/arm-none-eabi/7.3.1/../../../../arm-none-eabi/lib/thumb/v7-m\libc_nano.a(lib_a-nano-freer.o)
 .debug_frame   0x0000000000003870       0x2c d:/program files/stm32cubeide_1.4.0/stm32cubeide/plugins/com.st.stm32cube.ide.mcu.externaltools.gnu-tools-for-stm32.7-2018-q2-update.win32_1.4.0.202007081208/tools/bin/../lib/gcc/arm-none-eabi/7.3.1/../../../../arm-none-eabi/lib/thumb/v7-m\libc_nano.a(lib_a-nano-mallocr.o)
 .debug_frame   0x000000000000389c       0x3c d:/program files/stm32cubeide_1.4.0/stm32cubeide/plugins/com.st.stm32cube.ide.mcu.externaltools.gnu-tools-for-stm32.7-2018-q2-update.win32_1.4.0.202007081208/tools/bin/../lib/gcc/arm-none-eabi/7.3.1/../../../../arm-none-eabi/lib/thumb/v7-m\libc_nano.a(lib_a-nano-reallocr.o)
 .debug_frame   0x00000000000038d8       0x2c d:/program files/stm32cubeide_1.4.0/stm32cubeide/plugins/com.st.stm32cube.ide.mcu.externaltools.gnu-tools-for-stm32.7-2018-q2-update.win32_1.4.0.202007081208/tools/bin/../lib/gcc/arm-none-eabi/7.3.1/../../../../arm-none-eabi/lib/thumb/v7-m\libc_nano.a(lib_a-sbrkr.o)
 .debug_frame   0x0000000000003904       0x30 d:/program files/stm32cubeide_1.4.0/stm32cubeide/plugins/com.st.stm32cube.ide.mcu.externaltools.gnu-tools-for-stm32.7-2018-q2-update.win32_1.4.0.202007081208/tools/bin/../lib/gcc/arm-none-eabi/7.3.1/../../../../arm-none-eabi/lib/thumb/v7-m\libc_nano.a(lib_a-mlock.o)
 .debug_frame   0x0000000000003934       0x20 d:/program files/stm32cubeide_1.4.0/stm32cubeide/plugins/com.st.stm32cube.ide.mcu.externaltools.gnu-tools-for-stm32.7-2018-q2-update.win32_1.4.0.202007081208/tools/bin/../lib/gcc/arm-none-eabi/7.3.1/../../../../arm-none-eabi/lib/thumb/v7-m\libc_nano.a(lib_a-nano-msizer.o)
 .debug_frame   0x0000000000003954       0x5c d:/program files/stm32cubeide_1.4.0/stm32cubeide/plugins/com.st.stm32cube.ide.mcu.externaltools.gnu-tools-for-stm32.7-2018-q2-update.win32_1.4.0.202007081208/tools/bin/../lib/gcc/arm-none-eabi/7.3.1/../../../../arm-none-eabi/lib/thumb/v7-m\libc_nano.a(lib_a-reent.o)
 .debug_frame   0x00000000000039b0       0xc8 d:/program files/stm32cubeide_1.4.0/stm32cubeide/plugins/com.st.stm32cube.ide.mcu.externaltools.gnu-tools-for-stm32.7-2018-q2-update.win32_1.4.0.202007081208/tools/bin/../lib/gcc/arm-none-eabi/7.3.1/thumb/v7-m\libgcc.a(_arm_cmpsf2.o)
