bspds18b20.c:54:9:BSP_DS18B20_Config	8	static
bspds18b20.c:72:13:DS18B20_Init	32	static
bspds18b20.c:101:13:DS18B20_Mode_IPU	24	static
bspds18b20.c:121:13:DS18B20_Mode_Out_PP	24	static
bspds18b20.c:141:13:DS18B20_Rst	8	static
bspds18b20.c:162:16:DS18B20_Presence	16	static
bspds18b20.c:198:16:DS18B20_ReadBit	16	static
bspds18b20.c:226:16:DS18B20_ReadByte	16	static
bspds18b20.c:242:13:DS18B20_WriteByte	24	static
bspds18b20.c:279:13:DS18B20_SkipRom	8	static
bspds18b20.c:308:7:BSP_DS18B20_GetTemp	24	static
